=================================================================
  🏛️  ZENIN LIVE MARKET BOT — ALPACA MULTI-ASSET PORTFOLIO
  Basket: [SPY, QQQ, NVDA, AAPL] | Max Concurrent Pos: 2
  Feed: iex | Mode: LIVE PAPER
  Rosa Roja: ON | Telemetry WS: ws://127.0.0.1:8765
  Lot size: 1.0 sh | Pos Pct: 10% | Max Port: 25%
=================================================================
15:11:39 | INFO     | iot_machine_learning.infrastructure.adapters.market.alpaca.ws_feed | AlpacaWSFeed initialized
15:11:39 | INFO     | iot_machine_learning.infrastructure.adapters.market.alpaca.order_client | AlpacaOrderClient initialized
15:11:39 | INFO     | iot_machine_learning.infrastructure.adapters.market.alpaca.account | AlpacaAccount initialized
15:11:40 | INFO     | iot_machine_learning.infrastructure.adapters.market.live_runner_execution | State loaded
15:11:40 | INFO     | websockets.server | server listening on 127.0.0.1:8765
15:11:40 | INFO     | iot_machine_learning.infrastructure.adapters.market.telemetry_server | 📡 Telemetry Server WS active on ws://127.0.0.1:8765
15:11:40 | INFO     | zenin.alpaca | Bot initialized. Starting live feed and Rosa Roja event loop...
15:11:40 | INFO     | iot_machine_learning.infrastructure.adapters.market.live_runner | Feed state change
15:11:40 | INFO     | iot_machine_learning.infrastructure.adapters.market.alpaca.connection_manager | Alpaca WebSocket authenticated
15:11:40 | INFO     | iot_machine_learning.infrastructure.adapters.market.live_runner | Feed state change
15:11:40 | INFO     | iot_machine_learning.infrastructure.adapters.market.alpaca.connection_manager | Alpaca subscription sent
15:11:40 | INFO     | iot_machine_learning.infrastructure.adapters.market.alpaca.ws_feed | AlpacaWSFeed connected
15:15:29 | INFO     | iot_machine_learning.infrastructure.adapters.market.live_runner_telemetry | Health check
15:15:29 | INFO     | iot_machine_learning.infrastructure.adapters.market.live_runner | Evaluation [AAPL] action=HOLD reason='Insufficient_Trajectory_Density' mid=0.00 phi_moe=0.000 trades=1 
15:16:07 | INFO     | iot_machine_learning.infrastructure.adapters.market.live_runner_telemetry | Health check
15:16:07 | INFO     | iot_machine_learning.infrastructure.adapters.market.live_runner | Evaluation [NVDA] action=HOLD reason='Insufficient_Trajectory_Density' mid=0.00 phi_moe=0.000 trades=1 
15:16:56 | INFO     | iot_machine_learning.infrastructure.adapters.market.live_runner_telemetry | Health check
15:16:56 | INFO     | iot_machine_learning.infrastructure.adapters.market.live_runner | Evaluation [NVDA] action=HOLD reason='Insufficient_Trajectory_Density' mid=0.00 phi_moe=0.000 trades=1 
15:18:17 | INFO     | iot_machine_learning.infrastructure.adapters.market.live_runner_telemetry | Health check
15:18:17 | INFO     | iot_machine_learning.infrastructure.adapters.market.live_runner | Evaluation [QQQ] action=HOLD reason='Insufficient_Trajectory_Density' mid=709.00 phi_moe=0.000 trades=1 
15:18:22 | INFO     | iot_machine_learning.infrastructure.adapters.market.live_runner | Evaluation [QQQ] action=HOLD reason='Phi_MoE_Below_Gamma_Exec' mid=708.99 phi_moe=0.000 trades=1 
15:18:27 | INFO     | iot_machine_learning.infrastructure.adapters.market.live_runner_telemetry | Health check
15:18:27 | INFO     | iot_machine_learning.infrastructure.adapters.market.live_runner | Evaluation [QQQ] action=HOLD reason='Phi_MoE_Below_Gamma_Exec' mid=708.99 phi_moe=0.000 trades=1 
15:18:32 | INFO     | iot_machine_learning.infrastructure.adapters.market.live_runner | Evaluation [QQQ] action=HOLD reason='Phi_MoE_Below_Gamma_Exec' mid=708.98 phi_moe=0.000 trades=1 
15:18:37 | INFO     | iot_machine_learning.infrastructure.adapters.market.live_runner_telemetry | Health check
15:19:17 | INFO     | iot_machine_learning.infrastructure.adapters.market.live_runner_telemetry | Health check
15:19:17 | INFO     | iot_machine_learning.infrastructure.adapters.market.live_runner | Evaluation [QQQ] action=HOLD reason='Phi_MoE_Below_Gamma_Exec' mid=708.98 phi_moe=0.000 trades=1 
15:19:22 | INFO     | iot_machine_learning.infrastructure.adapters.market.live_runner | Evaluation [QQQ] action=HOLD reason='Phi_MoE_Below_Gamma_Exec' mid=708.97 phi_moe=0.000 trades=1 
15:19:27 | INFO     | iot_machine_learning.infrastructure.adapters.market.live_runner_telemetry | Health check
15:19:27 | INFO     | iot_machine_learning.infrastructure.adapters.market.live_runner | Evaluation [QQQ] action=HOLD reason='Phi_MoE_Below_Gamma_Exec' mid=708.96 phi_moe=0.000 trades=1 
15:19:33 | INFO     | iot_machine_learning.infrastructure.adapters.market.live_runner | Evaluation [QQQ] action=HOLD reason='Phi_MoE_Below_Gamma_Exec' mid=708.98 phi_moe=0.000 trades=1 
15:19:37 | INFO     | iot_machine_learning.infrastructure.adapters.market.live_runner_telemetry | Health check
15:20:17 | INFO     | iot_machine_learning.infrastructure.adapters.market.live_runner_telemetry | Health check
15:20:17 | INFO     | iot_machine_learning.infrastructure.adapters.market.live_runner | Evaluation [QQQ] action=HOLD reason='Phi_MoE_Below_Gamma_Exec' mid=709.00 phi_moe=0.000 trades=1 
/home/nicolas/Documentos/Proyectos/ST/iot_machine_learning/.venv/lib/python3.13/site-packages/numpy/lib/_function_base_impl.py:3023: RuntimeWarning: invalid value encountered in divide
  c /= stddev[:, None]
/home/nicolas/Documentos/Proyectos/ST/iot_machine_learning/.venv/lib/python3.13/site-packages/numpy/lib/_function_base_impl.py:3024: RuntimeWarning: invalid value encountered in divide
  c /= stddev[None, :]
15:20:23 | INFO     | iot_machine_learning.infrastructure.adapters.market.live_runner | Evaluation [QQQ] action=HOLD reason='Phi_MoE_Below_Gamma_Exec' mid=709.00 phi_moe=0.000 trades=1 
15:20:27 | INFO     | iot_machine_learning.infrastructure.adapters.market.live_runner_telemetry | Health check
15:20:28 | INFO     | iot_machine_learning.infrastructure.adapters.market.live_runner | Evaluation [QQQ] action=HOLD reason='Phi_MoE_Below_Gamma_Exec' mid=709.02 phi_moe=0.000 trades=1 
15:20:33 | INFO     | iot_machine_learning.infrastructure.adapters.market.live_runner | Evaluation [QQQ] action=HOLD reason='Phi_MoE_Below_Gamma_Exec' mid=709.00 phi_moe=0.000 trades=1 
15:20:37 | INFO     | iot_machine_learning.infrastructure.adapters.market.live_runner_telemetry | Health check
15:21:17 | INFO     | iot_machine_learning.infrastructure.adapters.market.live_runner | Evaluation [QQQ] action=HOLD reason='Phi_MoE_Below_Gamma_Exec' mid=709.01 phi_moe=0.000 trades=1 
15:21:17 | INFO     | iot_machine_learning.infrastructure.adapters.market.live_runner_telemetry | Health check
15:21:23 | INFO     | iot_machine_learning.infrastructure.adapters.market.live_runner | Evaluation [QQQ] action=HOLD reason='Phi_MoE_Below_Gamma_Exec' mid=709.01 phi_moe=0.000 trades=1 
15:21:28 | INFO     | iot_machine_learning.infrastructure.adapters.market.live_runner_telemetry | Health check
15:21:28 | INFO     | iot_machine_learning.infrastructure.adapters.market.live_runner | Evaluation [QQQ] action=HOLD reason='Phi_MoE_Below_Gamma_Exec' mid=709.01 phi_moe=0.000 trades=1 
15:21:33 | INFO     | iot_machine_learning.infrastructure.adapters.market.live_runner | Evaluation [QQQ] action=HOLD reason='Phi_MoE_Below_Gamma_Exec' mid=709.00 phi_moe=0.000 trades=1 
15:21:38 | INFO     | iot_machine_learning.infrastructure.adapters.market.live_runner_telemetry | Health check
15:21:38 | INFO     | iot_machine_learning.infrastructure.adapters.market.live_runner | Evaluation [QQQ] action=HOLD reason='Phi_MoE_Below_Gamma_Exec' mid=708.98 phi_moe=0.000 trades=1 
15:22:18 | INFO     | iot_machine_learning.infrastructure.adapters.market.live_runner_telemetry | Health check
15:22:18 | INFO     | iot_machine_learning.infrastructure.adapters.market.live_runner | Evaluation [QQQ] action=HOLD reason='Phi_MoE_Below_Gamma_Exec' mid=709.00 phi_moe=0.000 trades=1 
15:22:23 | INFO     | iot_machine_learning.infrastructure.adapters.market.live_runner | Evaluation [QQQ] action=HOLD reason='Phi_MoE_Below_Gamma_Exec' mid=708.97 phi_moe=0.000 trades=1 
15:22:28 | INFO     | iot_machine_learning.infrastructure.adapters.market.live_runner_telemetry | Health check
15:22:29 | INFO     | iot_machine_learning.infrastructure.adapters.market.live_runner | Evaluation [QQQ] action=HOLD reason='Phi_MoE_Below_Gamma_Exec' mid=708.96 phi_moe=0.000 trades=1 
15:22:34 | INFO     | iot_machine_learning.infrastructure.adapters.market.live_runner | Evaluation [QQQ] action=HOLD reason='Phi_MoE_Below_Gamma_Exec' mid=708.96 phi_moe=0.000 trades=1 
15:22:39 | INFO     | iot_machine_learning.infrastructure.adapters.market.live_runner_telemetry | Health check
15:22:39 | INFO     | iot_machine_learning.infrastructure.adapters.market.live_runner | Evaluation [QQQ] action=HOLD reason='Phi_MoE_Below_Gamma_Exec' mid=708.96 phi_moe=0.000 trades=1 
15:23:18 | INFO     | iot_machine_learning.infrastructure.adapters.market.live_runner | Evaluation [QQQ] action=HOLD reason='Phi_MoE_Below_Gamma_Exec' mid=708.96 phi_moe=0.000 trades=1 
15:23:19 | INFO     | iot_machine_learning.infrastructure.adapters.market.live_runner_telemetry | Health check
15:23:24 | INFO     | iot_machine_learning.infrastructure.adapters.market.live_runner | Evaluation [QQQ] action=HOLD reason='Phi_MoE_Below_Gamma_Exec' mid=708.95 phi_moe=0.000 trades=1 
15:23:29 | INFO     | iot_machine_learning.infrastructure.adapters.market.live_runner_telemetry | Health check
15:23:29 | INFO     | iot_machine_learning.infrastructure.adapters.market.live_runner | Evaluation [QQQ] action=HOLD reason='Phi_MoE_Below_Gamma_Exec' mid=708.96 phi_moe=0.000 trades=1 
15:23:34 | INFO     | iot_machine_learning.infrastructure.adapters.market.live_runner | Evaluation [QQQ] action=HOLD reason='Phi_MoE_Below_Gamma_Exec' mid=708.96 phi_moe=0.000 trades=1 
15:23:39 | INFO     | iot_machine_learning.infrastructure.adapters.market.live_runner_telemetry | Health check
15:23:40 | INFO     | iot_machine_learning.infrastructure.adapters.market.live_runner | Evaluation [QQQ] action=HOLD reason='Phi_MoE_Below_Gamma_Exec' mid=708.96 phi_moe=0.000 trades=1 
15:24:19 | INFO     | iot_machine_learning.infrastructure.adapters.market.live_runner | Evaluation [QQQ] action=HOLD reason='Phi_MoE_Below_Gamma_Exec' mid=708.96 phi_moe=0.000 trades=1 
15:24:19 | INFO     | iot_machine_learning.infrastructure.adapters.market.live_runner_telemetry | Health check
15:24:24 | INFO     | iot_machine_learning.infrastructure.adapters.market.live_runner | Evaluation [QQQ] action=HOLD reason='Phi_MoE_Below_Gamma_Exec' mid=709.04 phi_moe=0.000 trades=1 
15:24:29 | INFO     | iot_machine_learning.infrastructure.adapters.market.live_runner_telemetry | Health check
15:24:29 | INFO     | iot_machine_learning.infrastructure.adapters.market.live_runner | Evaluation [QQQ] action=HOLD reason='Phi_MoE_Below_Gamma_Exec' mid=709.02 phi_moe=0.000 trades=1 
15:24:34 | INFO     | iot_machine_learning.infrastructure.adapters.market.live_runner | Evaluation [QQQ] action=HOLD reason='Phi_MoE_Below_Gamma_Exec' mid=709.00 phi_moe=0.000 trades=1 
15:24:39 | INFO     | iot_machine_learning.infrastructure.adapters.market.live_runner_telemetry | Health check
15:24:40 | INFO     | iot_machine_learning.infrastructure.adapters.market.live_runner | Evaluation [QQQ] action=HOLD reason='Phi_MoE_Below_Gamma_Exec' mid=709.00 phi_moe=0.000 trades=1 
15:25:20 | INFO     | iot_machine_learning.infrastructure.adapters.market.live_runner_telemetry | Health check
15:25:20 | INFO     | iot_machine_learning.infrastructure.adapters.market.live_runner | Evaluation [QQQ] action=HOLD reason='Phi_MoE_Below_Gamma_Exec' mid=709.01 phi_moe=0.000 trades=1 
15:25:25 | INFO     | iot_machine_learning.infrastructure.adapters.market.live_runner | Evaluation [QQQ] action=HOLD reason='Phi_MoE_Below_Gamma_Exec' mid=709.02 phi_moe=0.000 trades=1 
15:25:30 | INFO     | iot_machine_learning.infrastructure.adapters.market.live_runner_telemetry | Health check
15:25:30 | INFO     | iot_machine_learning.infrastructure.adapters.market.live_runner | Evaluation [QQQ] action=HOLD reason='Phi_MoE_Below_Gamma_Exec' mid=709.00 phi_moe=0.000 trades=1 
15:25:36 | INFO     | iot_machine_learning.infrastructure.adapters.market.live_runner | Evaluation [QQQ] action=HOLD reason='Phi_MoE_Below_Gamma_Exec' mid=708.99 phi_moe=0.000 trades=1 
15:25:40 | INFO     | iot_machine_learning.infrastructure.adapters.market.live_runner_telemetry | Health check
15:25:41 | INFO     | iot_machine_learning.infrastructure.adapters.market.live_runner | Evaluation [QQQ] action=HOLD reason='Phi_MoE_Below_Gamma_Exec' mid=708.98 phi_moe=0.000 trades=1 
15:26:20 | INFO     | iot_machine_learning.infrastructure.adapters.market.live_runner_telemetry | Health check
15:26:20 | INFO     | iot_machine_learning.infrastructure.adapters.market.live_runner | Evaluation [QQQ] action=HOLD reason='Phi_MoE_Below_Gamma_Exec' mid=709.00 phi_moe=0.000 trades=1 
15:26:25 | INFO     | iot_machine_learning.infrastructure.adapters.market.live_runner | Evaluation [QQQ] action=HOLD reason='Phi_MoE_Below_Gamma_Exec' mid=708.99 phi_moe=0.000 trades=1 
15:26:30 | INFO     | iot_machine_learning.infrastructure.adapters.market.live_runner_telemetry | Health check
15:26:30 | INFO     | iot_machine_learning.infrastructure.adapters.market.live_runner | Evaluation [QQQ] action=HOLD reason='Phi_MoE_Below_Gamma_Exec' mid=708.98 phi_moe=0.000 trades=1 
15:26:35 | INFO     | iot_machine_learning.infrastructure.adapters.market.live_runner | Evaluation [QQQ] action=HOLD reason='Phi_MoE_Below_Gamma_Exec' mid=708.98 phi_moe=0.000 trades=1 
15:26:41 | INFO     | iot_machine_learning.infrastructure.adapters.market.live_runner_telemetry | Health check
15:26:41 | INFO     | iot_machine_learning.infrastructure.adapters.market.live_runner | Evaluation [QQQ] action=HOLD reason='Phi_MoE_Below_Gamma_Exec' mid=708.98 phi_moe=0.000 trades=1 
15:27:21 | INFO     | iot_machine_learning.infrastructure.adapters.market.live_runner_telemetry | Health check
15:27:21 | INFO     | iot_machine_learning.infrastructure.adapters.market.live_runner | Evaluation [QQQ] action=HOLD reason='Phi_MoE_Below_Gamma_Exec' mid=709.01 phi_moe=0.000 trades=1 
15:27:26 | INFO     | iot_machine_learning.infrastructure.adapters.market.live_runner | Evaluation [QQQ] action=HOLD reason='Phi_MoE_Below_Gamma_Exec' mid=709.02 phi_moe=0.000 trades=1 
15:27:31 | INFO     | iot_machine_learning.infrastructure.adapters.market.live_runner_telemetry | Health check
15:27:31 | INFO     | iot_machine_learning.infrastructure.adapters.market.live_runner | Evaluation [QQQ] action=HOLD reason='Phi_MoE_Below_Gamma_Exec' mid=708.97 phi_moe=0.000 trades=1 
/home/nicolas/Documentos/Proyectos/ST/iot_machine_learning/infrastructure/ml/engines/rosa_roja/algorithms/modules/random_walk_sampler.py:381: RuntimeWarning: invalid value encountered in log
  1.0 - np.minimum(1.0, np.abs(np.log(cache['tempos'] / from_tempo))),
15:27:37 | INFO     | iot_machine_learning.infrastructure.adapters.market.live_runner | Evaluation [QQQ] action=HOLD reason='Phi_MoE_Below_Gamma_Exec' mid=708.97 phi_moe=0.000 trades=1 
15:27:41 | INFO     | iot_machine_learning.infrastructure.adapters.market.live_runner_telemetry | Health check
15:27:42 | INFO     | iot_machine_learning.infrastructure.adapters.market.live_runner | Evaluation [QQQ] action=HOLD reason='Phi_MoE_Below_Gamma_Exec' mid=708.96 phi_moe=0.000 trades=1 
15:27:47 | INFO     | iot_machine_learning.infrastructure.adapters.market.live_runner | Evaluation [QQQ] action=HOLD reason='Phi_MoE_Below_Gamma_Exec' mid=708.99 phi_moe=0.000 trades=1 
15:28:22 | INFO     | iot_machine_learning.infrastructure.adapters.market.live_runner_telemetry | Health check
15:28:22 | INFO     | iot_machine_learning.infrastructure.adapters.market.live_runner | Evaluation [QQQ] action=HOLD reason='Phi_MoE_Below_Gamma_Exec' mid=709.01 phi_moe=0.000 trades=1 
15:28:28 | INFO     | iot_machine_learning.infrastructure.adapters.market.live_runner | Evaluation [QQQ] action=HOLD reason='Phi_MoE_Below_Gamma_Exec' mid=709.00 phi_moe=0.000 trades=1 
15:28:32 | INFO     | iot_machine_learning.infrastructure.adapters.market.live_runner_telemetry | Health check
15:28:33 | INFO     | iot_machine_learning.infrastructure.adapters.market.live_runner | Evaluation [QQQ] action=HOLD reason='Phi_MoE_Below_Gamma_Exec' mid=709.01 phi_moe=0.000 trades=1 
15:28:38 | INFO     | iot_machine_learning.infrastructure.adapters.market.live_runner | Evaluation [QQQ] action=HOLD reason='Phi_MoE_Below_Gamma_Exec' mid=709.00 phi_moe=0.000 trades=1 
15:28:42 | INFO     | iot_machine_learning.infrastructure.adapters.market.live_runner_telemetry | Health check
15:28:44 | INFO     | iot_machine_learning.infrastructure.adapters.market.live_runner | Evaluation [QQQ] action=HOLD reason='Phi_MoE_Below_Gamma_Exec' mid=709.00 phi_moe=0.000 trades=1 
15:28:49 | INFO     | iot_machine_learning.infrastructure.adapters.market.live_runner | Evaluation [QQQ] action=HOLD reason='Phi_MoE_Below_Gamma_Exec' mid=709.00 phi_moe=0.000 trades=1 
15:29:22 | INFO     | iot_machine_learning.infrastructure.adapters.market.live_runner_telemetry | Health check
15:29:23 | INFO     | iot_machine_learning.infrastructure.adapters.market.live_runner | Evaluation [QQQ] action=HOLD reason='Phi_MoE_Below_Gamma_Exec' mid=708.87 phi_moe=0.000 trades=1 
15:29:28 | INFO     | iot_machine_learning.infrastructure.adapters.market.live_runner | Evaluation [QQQ] action=HOLD reason='Phi_MoE_Below_Gamma_Exec' mid=708.80 phi_moe=0.000 trades=1 
15:29:33 | INFO     | iot_machine_learning.infrastructure.adapters.market.live_runner_telemetry | Health check
15:29:33 | INFO     | iot_machine_learning.infrastructure.adapters.market.live_runner | Evaluation [QQQ] action=HOLD reason='Phi_MoE_Below_Gamma_Exec' mid=708.82 phi_moe=0.000 trades=1 
15:29:38 | INFO     | iot_machine_learning.infrastructure.adapters.market.live_runner | Evaluation [QQQ] action=HOLD reason='Phi_MoE_Below_Gamma_Exec' mid=708.83 phi_moe=0.000 trades=1 
15:29:43 | INFO     | iot_machine_learning.infrastructure.adapters.market.live_runner_telemetry | Health check
15:29:44 | INFO     | iot_machine_learning.infrastructure.adapters.market.live_runner | Evaluation [QQQ] action=HOLD reason='Phi_MoE_Below_Gamma_Exec' mid=708.84 phi_moe=0.000 trades=1 
15:29:50 | INFO     | iot_machine_learning.infrastructure.adapters.market.live_runner | Evaluation [QQQ] action=HOLD reason='Phi_MoE_Below_Gamma_Exec' mid=708.82 phi_moe=0.000 trades=1 
15:30:23 | INFO     | iot_machine_learning.infrastructure.adapters.market.live_runner_telemetry | Health check
15:30:23 | INFO     | iot_machine_learning.infrastructure.adapters.market.live_runner | Evaluation [QQQ] action=HOLD reason='Phi_MoE_Below_Gamma_Exec' mid=708.88 phi_moe=0.000 trades=1 
15:30:29 | INFO     | iot_machine_learning.infrastructure.adapters.market.live_runner | Evaluation [QQQ] action=HOLD reason='Phi_MoE_Below_Gamma_Exec' mid=708.88 phi_moe=0.000 trades=1 
15:30:33 | INFO     | iot_machine_learning.infrastructure.adapters.market.live_runner_telemetry | Health check
15:30:34 | INFO     | iot_machine_learning.infrastructure.adapters.market.live_runner | Evaluation [QQQ] action=HOLD reason='Phi_MoE_Below_Gamma_Exec' mid=708.88 phi_moe=0.000 trades=1 
15:30:40 | INFO     | iot_machine_learning.infrastructure.adapters.market.live_runner | Evaluation [QQQ] action=HOLD reason='Phi_MoE_Below_Gamma_Exec' mid=708.88 phi_moe=0.000 trades=1 
15:30:43 | INFO     | iot_machine_learning.infrastructure.adapters.market.live_runner_telemetry | Health check
15:30:46 | INFO     | iot_machine_learning.infrastructure.adapters.market.live_runner | Evaluation [QQQ] action=HOLD reason='Phi_MoE_Below_Gamma_Exec' mid=708.88 phi_moe=0.000 trades=1 
15:31:23 | INFO     | iot_machine_learning.infrastructure.adapters.market.live_runner_telemetry | Health check
15:31:23 | INFO     | iot_machine_learning.infrastructure.adapters.market.live_runner | Evaluation [QQQ] action=HOLD reason='Phi_MoE_Below_Gamma_Exec' mid=708.88 phi_moe=0.000 trades=1 
15:31:28 | INFO     | iot_machine_learning.infrastructure.adapters.market.live_runner | Evaluation [QQQ] action=HOLD reason='Phi_MoE_Below_Gamma_Exec' mid=708.84 phi_moe=0.000 trades=1 
15:31:33 | INFO     | iot_machine_learning.infrastructure.adapters.market.live_runner_telemetry | Health check
15:31:33 | INFO     | iot_machine_learning.infrastructure.adapters.market.live_runner | Evaluation [QQQ] action=HOLD reason='Phi_MoE_Below_Gamma_Exec' mid=708.83 phi_moe=0.000 trades=1 
15:31:39 | INFO     | iot_machine_learning.infrastructure.adapters.market.live_runner | Evaluation [QQQ] action=HOLD reason='Phi_MoE_Below_Gamma_Exec' mid=708.84 phi_moe=0.000 trades=1 
15:31:43 | INFO     | iot_machine_learning.infrastructure.adapters.market.live_runner_telemetry | Health check
15:31:44 | INFO     | iot_machine_learning.infrastructure.adapters.market.live_runner | Evaluation [QQQ] action=HOLD reason='Phi_MoE_Below_Gamma_Exec' mid=708.86 phi_moe=0.000 trades=1 
15:31:49 | INFO     | iot_machine_learning.infrastructure.adapters.market.live_runner | Evaluation [QQQ] action=HOLD reason='Phi_MoE_Below_Gamma_Exec' mid=708.85 phi_moe=0.000 trades=1 
15:32:24 | INFO     | iot_machine_learning.infrastructure.adapters.market.live_runner_telemetry | Health check
15:32:24 | INFO     | iot_machine_learning.infrastructure.adapters.market.live_runner | Evaluation [QQQ] action=HOLD reason='Phi_MoE_Below_Gamma_Exec' mid=708.88 phi_moe=0.000 trades=1 
15:32:30 | INFO     | iot_machine_learning.infrastructure.adapters.market.live_runner | Evaluation [QQQ] action=HOLD reason='Phi_MoE_Below_Gamma_Exec' mid=708.88 phi_moe=0.000 trades=1 
15:32:34 | INFO     | iot_machine_learning.infrastructure.adapters.market.live_runner_telemetry | Health check
15:32:35 | INFO     | iot_machine_learning.infrastructure.adapters.market.live_runner | Evaluation [QQQ] action=HOLD reason='Phi_MoE_Below_Gamma_Exec' mid=708.90 phi_moe=0.000 trades=1 
15:32:40 | INFO     | iot_machine_learning.infrastructure.adapters.market.live_runner | Evaluation [QQQ] action=HOLD reason='Phi_MoE_Below_Gamma_Exec' mid=708.91 phi_moe=0.000 trades=1 
15:32:44 | INFO     | iot_machine_learning.infrastructure.adapters.market.live_runner_telemetry | Health check
15:32:46 | INFO     | iot_machine_learning.infrastructure.adapters.market.live_runner | Evaluation [QQQ] action=HOLD reason='Phi_MoE_Below_Gamma_Exec' mid=708.91 phi_moe=0.000 trades=1 
15:32:46 | INFO     | iot_machine_learning.infrastructure.adapters.market.live_runner | Evaluation [NVDA] action=HOLD reason='Insufficient_Trajectory_Density' mid=0.00 phi_moe=0.000 trades=1 
15:32:51 | INFO     | iot_machine_learning.infrastructure.adapters.market.live_runner | Evaluation [QQQ] action=HOLD reason='Phi_MoE_Below_Gamma_Exec' mid=708.90 phi_moe=0.000 trades=1 
15:33:24 | INFO     | iot_machine_learning.infrastructure.adapters.market.live_runner_telemetry | Health check
15:33:25 | INFO     | iot_machine_learning.infrastructure.adapters.market.live_runner | Evaluation [QQQ] action=HOLD reason='Phi_MoE_Below_Gamma_Exec' mid=708.89 phi_moe=0.000 trades=1 
15:33:30 | INFO     | iot_machine_learning.infrastructure.adapters.market.live_runner | Evaluation [QQQ] action=HOLD reason='Phi_MoE_Below_Gamma_Exec' mid=708.88 phi_moe=0.000 trades=1 
15:33:34 | INFO     | iot_machine_learning.infrastructure.adapters.market.live_runner_telemetry | Health check
15:33:36 | INFO     | iot_machine_learning.infrastructure.adapters.market.live_runner | Evaluation [QQQ] action=HOLD reason='Phi_MoE_Below_Gamma_Exec' mid=708.86 phi_moe=0.000 trades=1 
15:33:41 | INFO     | iot_machine_learning.infrastructure.adapters.market.live_runner | Evaluation [QQQ] action=HOLD reason='Phi_MoE_Below_Gamma_Exec' mid=708.86 phi_moe=0.000 trades=1 
15:33:45 | INFO     | iot_machine_learning.infrastructure.adapters.market.live_runner_telemetry | Health check
15:33:46 | INFO     | iot_machine_learning.infrastructure.adapters.market.live_runner | Evaluation [QQQ] action=HOLD reason='Phi_MoE_Below_Gamma_Exec' mid=708.91 phi_moe=0.000 trades=1 
15:34:25 | INFO     | iot_machine_learning.infrastructure.adapters.market.live_runner | Evaluation [QQQ] action=HOLD reason='Phi_MoE_Below_Gamma_Exec' mid=708.92 phi_moe=0.000 trades=1 
15:34:25 | INFO     | iot_machine_learning.infrastructure.adapters.market.live_runner_telemetry | Health check
15:34:30 | INFO     | iot_machine_learning.infrastructure.adapters.market.live_runner | Evaluation [QQQ] action=HOLD reason='Phi_MoE_Below_Gamma_Exec' mid=708.88 phi_moe=0.000 trades=1 
15:34:35 | INFO     | iot_machine_learning.infrastructure.adapters.market.live_runner_telemetry | Health check
15:34:36 | INFO     | iot_machine_learning.infrastructure.adapters.market.live_runner | Evaluation [QQQ] action=HOLD reason='Phi_MoE_Below_Gamma_Exec' mid=708.89 phi_moe=0.000 trades=1 
15:34:41 | INFO     | iot_machine_learning.infrastructure.adapters.market.live_runner | Evaluation [QQQ] action=HOLD reason='Phi_MoE_Below_Gamma_Exec' mid=708.88 phi_moe=0.000 trades=1 
15:34:45 | INFO     | iot_machine_learning.infrastructure.adapters.market.live_runner_telemetry | Health check
15:34:46 | INFO     | iot_machine_learning.infrastructure.adapters.market.live_runner | Evaluation [QQQ] action=HOLD reason='Phi_MoE_Below_Gamma_Exec' mid=708.88 phi_moe=0.000 trades=1 
15:34:51 | INFO     | iot_machine_learning.infrastructure.adapters.market.live_runner | Evaluation [QQQ] action=HOLD reason='Phi_MoE_Below_Gamma_Exec' mid=708.88 phi_moe=0.000 trades=1 
15:35:26 | INFO     | iot_machine_learning.infrastructure.adapters.market.live_runner_telemetry | Health check
15:35:26 | INFO     | iot_machine_learning.infrastructure.adapters.market.live_runner | Evaluation [QQQ] action=HOLD reason='Phi_MoE_Below_Gamma_Exec' mid=708.95 phi_moe=0.000 trades=1 
15:35:31 | INFO     | iot_machine_learning.infrastructure.adapters.market.live_runner | Evaluation [QQQ] action=HOLD reason='Phi_MoE_Below_Gamma_Exec' mid=708.95 phi_moe=0.000 trades=1 
15:35:36 | INFO     | iot_machine_learning.infrastructure.adapters.market.live_runner_telemetry | Health check
15:35:36 | INFO     | iot_machine_learning.infrastructure.adapters.market.live_runner | Evaluation [QQQ] action=HOLD reason='Phi_MoE_Below_Gamma_Exec' mid=708.95 phi_moe=0.000 trades=1 
15:35:42 | INFO     | iot_machine_learning.infrastructure.adapters.market.live_runner | Evaluation [QQQ] action=HOLD reason='Phi_MoE_Below_Gamma_Exec' mid=708.95 phi_moe=0.000 trades=1 
15:35:46 | INFO     | iot_machine_learning.infrastructure.adapters.market.live_runner_telemetry | Health check
15:35:47 | INFO     | iot_machine_learning.infrastructure.adapters.market.live_runner | Evaluation [QQQ] action=HOLD reason='Phi_MoE_Below_Gamma_Exec' mid=708.95 phi_moe=0.000 trades=1 
15:35:52 | INFO     | iot_machine_learning.infrastructure.adapters.market.live_runner | Evaluation [QQQ] action=HOLD reason='Noise_Outlier_Blocked_By_Module_1' mid=708.95 phi_moe=0.000 trades=1 
15:36:26 | INFO     | iot_machine_learning.infrastructure.adapters.market.live_runner_telemetry | Health check
15:36:26 | INFO     | iot_machine_learning.infrastructure.adapters.market.live_runner | Evaluation [QQQ] action=HOLD reason='Phi_MoE_Below_Gamma_Exec' mid=708.95 phi_moe=0.000 trades=1 
15:36:31 | INFO     | iot_machine_learning.infrastructure.adapters.market.live_runner | Evaluation [QQQ] action=HOLD reason='Phi_MoE_Below_Gamma_Exec' mid=708.95 phi_moe=0.000 trades=1 
15:36:36 | INFO     | iot_machine_learning.infrastructure.adapters.market.live_runner_telemetry | Health check
15:36:37 | INFO     | iot_machine_learning.infrastructure.adapters.market.live_runner | Evaluation [QQQ] action=HOLD reason='Phi_MoE_Below_Gamma_Exec' mid=708.95 phi_moe=0.000 trades=1 
15:36:42 | INFO     | iot_machine_learning.infrastructure.adapters.market.live_runner | Evaluation [QQQ] action=HOLD reason='Phi_MoE_Below_Gamma_Exec' mid=708.95 phi_moe=0.000 trades=1 
15:36:47 | INFO     | iot_machine_learning.infrastructure.adapters.market.live_runner_telemetry | Health check
15:36:47 | INFO     | iot_machine_learning.infrastructure.adapters.market.live_runner | Evaluation [QQQ] action=HOLD reason='Phi_MoE_Below_Gamma_Exec' mid=708.95 phi_moe=0.000 trades=1 
15:36:53 | INFO     | iot_machine_learning.infrastructure.adapters.market.live_runner | Evaluation [QQQ] action=HOLD reason='Phi_MoE_Below_Gamma_Exec' mid=708.95 phi_moe=0.000 trades=1 
15:37:27 | INFO     | iot_machine_learning.infrastructure.adapters.market.live_runner_telemetry | Health check
15:37:27 | INFO     | iot_machine_learning.infrastructure.adapters.market.live_runner | Evaluation [QQQ] action=HOLD reason='Phi_MoE_Below_Gamma_Exec' mid=708.88 phi_moe=0.000 trades=1 
15:37:32 | INFO     | iot_machine_learning.infrastructure.adapters.market.live_runner | Evaluation [QQQ] action=HOLD reason='Phi_MoE_Below_Gamma_Exec' mid=708.90 phi_moe=0.000 trades=1 
15:37:37 | INFO     | iot_machine_learning.infrastructure.adapters.market.live_runner_telemetry | Health check
15:37:38 | INFO     | iot_machine_learning.infrastructure.adapters.market.live_runner | Evaluation [QQQ] action=HOLD reason='Phi_MoE_Below_Gamma_Exec' mid=708.89 phi_moe=0.000 trades=1 
15:37:44 | INFO     | iot_machine_learning.infrastructure.adapters.market.live_runner | Evaluation [QQQ] action=HOLD reason='Phi_MoE_Below_Gamma_Exec' mid=708.90 phi_moe=0.000 trades=1 
15:37:47 | INFO     | iot_machine_learning.infrastructure.adapters.market.live_runner_telemetry | Health check
15:37:49 | INFO     | iot_machine_learning.infrastructure.adapters.market.live_runner | Evaluation [QQQ] action=HOLD reason='Phi_MoE_Below_Gamma_Exec' mid=708.90 phi_moe=0.000 trades=1 
15:38:27 | INFO     | iot_machine_learning.infrastructure.adapters.market.live_runner_telemetry | Health check
15:38:27 | INFO     | iot_machine_learning.infrastructure.adapters.market.live_runner | Evaluation [QQQ] action=HOLD reason='Phi_MoE_Below_Gamma_Exec' mid=708.93 phi_moe=0.000 trades=1 
15:38:33 | INFO     | iot_machine_learning.infrastructure.adapters.market.live_runner | Evaluation [QQQ] action=HOLD reason='Phi_MoE_Below_Gamma_Exec' mid=708.94 phi_moe=0.000 trades=1 
15:38:38 | INFO     | iot_machine_learning.infrastructure.adapters.market.live_runner_telemetry | Health check
15:38:38 | INFO     | iot_machine_learning.infrastructure.adapters.market.live_runner | Evaluation [QQQ] action=HOLD reason='Phi_MoE_Below_Gamma_Exec' mid=708.96 phi_moe=0.000 trades=1 
15:38:44 | INFO     | iot_machine_learning.infrastructure.adapters.market.live_runner | Evaluation [QQQ] action=HOLD reason='Phi_MoE_Below_Gamma_Exec' mid=709.00 phi_moe=0.000 trades=1 
15:38:48 | INFO     | iot_machine_learning.infrastructure.adapters.market.live_runner_telemetry | Health check
15:38:49 | INFO     | iot_machine_learning.infrastructure.adapters.market.live_runner | Evaluation [QQQ] action=HOLD reason='Phi_MoE_Below_Gamma_Exec' mid=709.00 phi_moe=0.000 trades=1 
15:39:27 | INFO     | iot_machine_learning.infrastructure.adapters.market.live_runner_telemetry | Health check
15:39:28 | INFO     | iot_machine_learning.infrastructure.adapters.market.live_runner | Evaluation [QQQ] action=HOLD reason='Phi_MoE_Below_Gamma_Exec' mid=709.02 phi_moe=0.000 trades=1 
15:39:33 | INFO     | iot_machine_learning.infrastructure.adapters.market.live_runner | Evaluation [QQQ] action=HOLD reason='Phi_MoE_Below_Gamma_Exec' mid=708.97 phi_moe=0.000 trades=1 
15:39:38 | INFO     | iot_machine_learning.infrastructure.adapters.market.live_runner_telemetry | Health check
15:39:38 | INFO     | iot_machine_learning.infrastructure.adapters.market.live_runner | Evaluation [QQQ] action=HOLD reason='Phi_MoE_Below_Gamma_Exec' mid=708.96 phi_moe=0.000 trades=1 
15:39:44 | INFO     | iot_machine_learning.infrastructure.adapters.market.live_runner | Evaluation [QQQ] action=HOLD reason='Phi_MoE_Below_Gamma_Exec' mid=708.98 phi_moe=0.000 trades=1 
15:39:48 | INFO     | iot_machine_learning.infrastructure.adapters.market.live_runner_telemetry | Health check
15:39:49 | INFO     | iot_machine_learning.infrastructure.adapters.market.live_runner | Evaluation [QQQ] action=HOLD reason='Phi_MoE_Below_Gamma_Exec' mid=708.96 phi_moe=0.000 trades=1 
15:39:54 | INFO     | iot_machine_learning.infrastructure.adapters.market.live_runner | Evaluation [QQQ] action=HOLD reason='Phi_MoE_Below_Gamma_Exec' mid=708.96 phi_moe=0.000 trades=1 
15:40:29 | INFO     | iot_machine_learning.infrastructure.adapters.market.live_runner_telemetry | Health check
15:40:29 | INFO     | iot_machine_learning.infrastructure.adapters.market.live_runner | Evaluation [QQQ] action=HOLD reason='Phi_MoE_Below_Gamma_Exec' mid=708.99 phi_moe=0.000 trades=1 
15:40:34 | INFO     | iot_machine_learning.infrastructure.adapters.market.live_runner | Evaluation [QQQ] action=HOLD reason='Phi_MoE_Below_Gamma_Exec' mid=709.00 phi_moe=0.000 trades=1 
15:40:39 | INFO     | iot_machine_learning.infrastructure.adapters.market.live_runner_telemetry | Health check
15:40:39 | INFO     | iot_machine_learning.infrastructure.adapters.market.live_runner | Evaluation [QQQ] action=HOLD reason='Phi_MoE_Below_Gamma_Exec' mid=708.99 phi_moe=0.000 trades=1 
15:40:44 | INFO     | iot_machine_learning.infrastructure.adapters.market.live_runner | Evaluation [QQQ] action=HOLD reason='Phi_MoE_Below_Gamma_Exec' mid=708.98 phi_moe=0.000 trades=1 
15:40:49 | INFO     | iot_machine_learning.infrastructure.adapters.market.live_runner_telemetry | Health check
15:40:49 | INFO     | iot_machine_learning.infrastructure.adapters.market.live_runner | Evaluation [QQQ] action=HOLD reason='Phi_MoE_Below_Gamma_Exec' mid=708.95 phi_moe=0.000 trades=1 
15:41:29 | INFO     | iot_machine_learning.infrastructure.adapters.market.live_runner_telemetry | Health check
15:41:29 | INFO     | iot_machine_learning.infrastructure.adapters.market.live_runner | Evaluation [QQQ] action=HOLD reason='Phi_MoE_Below_Gamma_Exec' mid=708.98 phi_moe=0.000 trades=1 
15:41:34 | INFO     | iot_machine_learning.infrastructure.adapters.market.live_runner | Evaluation [QQQ] action=HOLD reason='Phi_MoE_Below_Gamma_Exec' mid=708.98 phi_moe=0.000 trades=1 
15:41:39 | INFO     | iot_machine_learning.infrastructure.adapters.market.live_runner_telemetry | Health check
15:41:40 | INFO     | iot_machine_learning.infrastructure.adapters.market.live_runner | Evaluation [QQQ] action=HOLD reason='Phi_MoE_Below_Gamma_Exec' mid=709.00 phi_moe=0.000 trades=1 
15:41:45 | INFO     | iot_machine_learning.infrastructure.adapters.market.live_runner | Evaluation [QQQ] action=HOLD reason='Phi_MoE_Below_Gamma_Exec' mid=709.00 phi_moe=0.000 trades=1 
15:41:49 | INFO     | iot_machine_learning.infrastructure.adapters.market.live_runner_telemetry | Health check
15:41:50 | INFO     | iot_machine_learning.infrastructure.adapters.market.live_runner | Evaluation [QQQ] action=HOLD reason='Phi_MoE_Below_Gamma_Exec' mid=709.01 phi_moe=0.000 trades=1 
15:42:29 | INFO     | iot_machine_learning.infrastructure.adapters.market.live_runner_telemetry | Health check
15:42:29 | INFO     | iot_machine_learning.infrastructure.adapters.market.live_runner | Evaluation [QQQ] action=HOLD reason='Phi_MoE_Below_Gamma_Exec' mid=708.95 phi_moe=0.000 trades=1 
15:42:35 | INFO     | iot_machine_learning.infrastructure.adapters.market.live_runner | Evaluation [QQQ] action=HOLD reason='Phi_MoE_Below_Gamma_Exec' mid=708.94 phi_moe=0.000 trades=1 
15:42:39 | INFO     | iot_machine_learning.infrastructure.adapters.market.live_runner_telemetry | Health check
15:42:40 | INFO     | iot_machine_learning.infrastructure.adapters.market.live_runner | Evaluation [QQQ] action=HOLD reason='Phi_MoE_Below_Gamma_Exec' mid=708.95 phi_moe=0.000 trades=1 
15:42:46 | INFO     | iot_machine_learning.infrastructure.adapters.market.live_runner | Evaluation [QQQ] action=HOLD reason='Phi_MoE_Below_Gamma_Exec' mid=708.92 phi_moe=0.000 trades=1 
15:42:50 | INFO     | iot_machine_learning.infrastructure.adapters.market.live_runner_telemetry | Health check
15:42:51 | INFO     | iot_machine_learning.infrastructure.adapters.market.live_runner | Evaluation [QQQ] action=HOLD reason='Phi_MoE_Below_Gamma_Exec' mid=708.93 phi_moe=0.000 trades=1 
15:43:30 | INFO     | iot_machine_learning.infrastructure.adapters.market.live_runner | Evaluation [QQQ] action=HOLD reason='Phi_MoE_Below_Gamma_Exec' mid=708.93 phi_moe=0.000 trades=1 
15:43:30 | INFO     | iot_machine_learning.infrastructure.adapters.market.live_runner_telemetry | Health check
15:43:35 | INFO     | iot_machine_learning.infrastructure.adapters.market.live_runner | Evaluation [QQQ] action=HOLD reason='Phi_MoE_Below_Gamma_Exec' mid=708.97 phi_moe=0.000 trades=1 
15:43:40 | INFO     | iot_machine_learning.infrastructure.adapters.market.live_runner | Evaluation [QQQ] action=HOLD reason='Phi_MoE_Below_Gamma_Exec' mid=708.99 phi_moe=0.000 trades=1 
15:43:40 | INFO     | iot_machine_learning.infrastructure.adapters.market.live_runner_telemetry | Health check
15:43:45 | INFO     | iot_machine_learning.infrastructure.adapters.market.live_runner | Evaluation [QQQ] action=HOLD reason='Phi_MoE_Below_Gamma_Exec' mid=709.00 phi_moe=0.000 trades=1 
15:43:51 | INFO     | iot_machine_learning.infrastructure.adapters.market.live_runner_telemetry | Health check
15:43:51 | INFO     | iot_machine_learning.infrastructure.adapters.market.live_runner | Evaluation [QQQ] action=HOLD reason='Phi_MoE_Below_Gamma_Exec' mid=708.99 phi_moe=0.000 trades=1 
15:44:31 | INFO     | iot_machine_learning.infrastructure.adapters.market.live_runner_telemetry | Health check
15:44:31 | INFO     | iot_machine_learning.infrastructure.adapters.market.live_runner | Evaluation [QQQ] action=HOLD reason='Phi_MoE_Below_Gamma_Exec' mid=709.00 phi_moe=0.000 trades=1 
15:44:36 | INFO     | iot_machine_learning.infrastructure.adapters.market.live_runner | Evaluation [QQQ] action=HOLD reason='Phi_MoE_Below_Gamma_Exec' mid=709.00 phi_moe=0.000 trades=1 
15:44:41 | INFO     | iot_machine_learning.infrastructure.adapters.market.live_runner_telemetry | Health check
15:44:41 | INFO     | iot_machine_learning.infrastructure.adapters.market.live_runner | Evaluation [QQQ] action=HOLD reason='Phi_MoE_Below_Gamma_Exec' mid=708.99 phi_moe=0.000 trades=1 
15:44:47 | INFO     | iot_machine_learning.infrastructure.adapters.market.live_runner | Evaluation [QQQ] action=HOLD reason='Phi_MoE_Below_Gamma_Exec' mid=708.99 phi_moe=0.000 trades=1 
15:44:51 | INFO     | iot_machine_learning.infrastructure.adapters.market.live_runner_telemetry | Health check
15:44:52 | INFO     | iot_machine_learning.infrastructure.adapters.market.live_runner | Evaluation [QQQ] action=HOLD reason='Phi_MoE_Below_Gamma_Exec' mid=708.99 phi_moe=0.000 trades=1 
15:45:31 | INFO     | iot_machine_learning.infrastructure.adapters.market.live_runner_telemetry | Health check
15:45:32 | INFO     | iot_machine_learning.infrastructure.adapters.market.live_runner | Evaluation [QQQ] action=HOLD reason='Phi_MoE_Below_Gamma_Exec' mid=709.05 phi_moe=0.000 trades=1 
15:45:37 | INFO     | iot_machine_learning.infrastructure.adapters.market.live_runner | Evaluation [QQQ] action=HOLD reason='Phi_MoE_Below_Gamma_Exec' mid=709.04 phi_moe=0.000 trades=1 
15:45:41 | INFO     | iot_machine_learning.infrastructure.adapters.market.live_runner_telemetry | Health check
15:45:42 | INFO     | iot_machine_learning.infrastructure.adapters.market.live_runner | Evaluation [QQQ] action=HOLD reason='Phi_MoE_Below_Gamma_Exec' mid=709.01 phi_moe=0.000 trades=1 
15:45:44 | INFO     | iot_machine_learning.infrastructure.adapters.market.live_runner | Evaluation [AAPL] action=HOLD reason='Insufficient_Trajectory_Density' mid=326.02 phi_moe=0.000 trades=1 
15:45:47 | INFO     | iot_machine_learning.infrastructure.adapters.market.live_runner | Evaluation [QQQ] action=HOLD reason='Phi_MoE_Below_Gamma_Exec' mid=709.00 phi_moe=0.000 trades=1 
15:45:52 | INFO     | iot_machine_learning.infrastructure.adapters.market.live_runner_telemetry | Health check
15:45:53 | INFO     | iot_machine_learning.infrastructure.adapters.market.live_runner | Evaluation [QQQ] action=HOLD reason='Phi_MoE_Below_Gamma_Exec' mid=709.00 phi_moe=0.000 trades=1 
15:46:32 | INFO     | iot_machine_learning.infrastructure.adapters.market.live_runner_telemetry | Health check
15:46:32 | INFO     | iot_machine_learning.infrastructure.adapters.market.live_runner | Evaluation [QQQ] action=HOLD reason='Phi_MoE_Below_Gamma_Exec' mid=709.00 phi_moe=0.000 trades=1 
15:46:37 | INFO     | iot_machine_learning.infrastructure.adapters.market.live_runner | Evaluation [QQQ] action=HOLD reason='Phi_MoE_Below_Gamma_Exec' mid=708.99 phi_moe=0.000 trades=1 
15:46:42 | INFO     | iot_machine_learning.infrastructure.adapters.market.live_runner_telemetry | Health check
15:46:43 | INFO     | iot_machine_learning.infrastructure.adapters.market.live_runner | Evaluation [QQQ] action=HOLD reason='Phi_MoE_Below_Gamma_Exec' mid=709.00 phi_moe=0.000 trades=1 
15:46:47 | INFO     | iot_machine_learning.infrastructure.adapters.market.live_runner | Evaluation [AAPL] action=HOLD reason='Insufficient_Trajectory_Density' mid=326.02 phi_moe=0.000 trades=1 
15:46:48 | INFO     | iot_machine_learning.infrastructure.adapters.market.live_runner | Evaluation [QQQ] action=HOLD reason='Phi_MoE_Below_Gamma_Exec' mid=708.98 phi_moe=0.000 trades=1 
15:46:52 | INFO     | iot_machine_learning.infrastructure.adapters.market.live_runner_telemetry | Health check
15:46:53 | INFO     | iot_machine_learning.infrastructure.adapters.market.live_runner | Evaluation [QQQ] action=HOLD reason='Phi_MoE_Below_Gamma_Exec' mid=708.96 phi_moe=0.000 trades=1 
15:47:32 | INFO     | iot_machine_learning.infrastructure.adapters.market.live_runner_telemetry | Health check
15:47:32 | INFO     | iot_machine_learning.infrastructure.adapters.market.live_runner | Evaluation [QQQ] action=HOLD reason='Phi_MoE_Below_Gamma_Exec' mid=708.86 phi_moe=0.000 trades=1 
15:47:38 | INFO     | iot_machine_learning.infrastructure.adapters.market.live_runner | Evaluation [QQQ] action=HOLD reason='Phi_MoE_Below_Gamma_Exec' mid=708.85 phi_moe=0.000 trades=1 
15:47:43 | INFO     | iot_machine_learning.infrastructure.adapters.market.live_runner_telemetry | Health check
15:47:43 | INFO     | iot_machine_learning.infrastructure.adapters.market.live_runner | Evaluation [QQQ] action=HOLD reason='Phi_MoE_Below_Gamma_Exec' mid=708.87 phi_moe=0.000 trades=1 
15:47:48 | INFO     | iot_machine_learning.infrastructure.adapters.market.live_runner | Evaluation [QQQ] action=HOLD reason='Phi_MoE_Below_Gamma_Exec' mid=708.87 phi_moe=0.000 trades=1 
15:47:53 | INFO     | iot_machine_learning.infrastructure.adapters.market.live_runner_telemetry | Health check
15:47:53 | INFO     | iot_machine_learning.infrastructure.adapters.market.live_runner | Evaluation [QQQ] action=HOLD reason='Phi_MoE_Below_Gamma_Exec' mid=708.86 phi_moe=0.000 trades=1 
15:48:33 | INFO     | iot_machine_learning.infrastructure.adapters.market.live_runner_telemetry | Health check
15:48:33 | INFO     | iot_machine_learning.infrastructure.adapters.market.live_runner | Evaluation [QQQ] action=HOLD reason='Phi_MoE_Below_Gamma_Exec' mid=708.93 phi_moe=0.000 trades=1 
15:48:38 | INFO     | iot_machine_learning.infrastructure.adapters.market.live_runner | Evaluation [QQQ] action=HOLD reason='Phi_MoE_Below_Gamma_Exec' mid=708.92 phi_moe=0.000 trades=1 
15:48:43 | INFO     | iot_machine_learning.infrastructure.adapters.market.live_runner_telemetry | Health check
15:48:44 | INFO     | iot_machine_learning.infrastructure.adapters.market.live_runner | Evaluation [QQQ] action=HOLD reason='Phi_MoE_Below_Gamma_Exec' mid=708.96 phi_moe=0.000 trades=1 
15:48:49 | INFO     | iot_machine_learning.infrastructure.adapters.market.live_runner | Evaluation [QQQ] action=HOLD reason='Phi_MoE_Below_Gamma_Exec' mid=708.99 phi_moe=0.000 trades=1 
15:48:53 | INFO     | iot_machine_learning.infrastructure.adapters.market.live_runner_telemetry | Health check
15:48:54 | INFO     | iot_machine_learning.infrastructure.adapters.market.live_runner | Evaluation [QQQ] action=HOLD reason='Phi_MoE_Below_Gamma_Exec' mid=708.96 phi_moe=0.000 trades=1 
15:49:33 | INFO     | iot_machine_learning.infrastructure.adapters.market.live_runner_telemetry | Health check
15:49:34 | INFO     | iot_machine_learning.infrastructure.adapters.market.live_runner | Evaluation [QQQ] action=HOLD reason='Phi_MoE_Below_Gamma_Exec' mid=708.93 phi_moe=0.000 trades=1 
15:49:39 | INFO     | iot_machine_learning.infrastructure.adapters.market.live_runner | Evaluation [QQQ] action=HOLD reason='Phi_MoE_Below_Gamma_Exec' mid=708.93 phi_moe=0.000 trades=1 
15:49:44 | INFO     | iot_machine_learning.infrastructure.adapters.market.live_runner_telemetry | Health check
15:49:44 | INFO     | iot_machine_learning.infrastructure.adapters.market.live_runner | Evaluation [QQQ] action=HOLD reason='Phi_MoE_Below_Gamma_Exec' mid=708.93 phi_moe=0.000 trades=1 
15:49:50 | INFO     | iot_machine_learning.infrastructure.adapters.market.live_runner | Evaluation [QQQ] action=HOLD reason='Phi_MoE_Below_Gamma_Exec' mid=708.93 phi_moe=0.000 trades=1 
15:49:54 | INFO     | iot_machine_learning.infrastructure.adapters.market.live_runner_telemetry | Health check
15:49:55 | INFO     | iot_machine_learning.infrastructure.adapters.market.live_runner | Evaluation [QQQ] action=HOLD reason='Phi_MoE_Below_Gamma_Exec' mid=708.93 phi_moe=0.000 trades=1 
15:50:34 | INFO     | iot_machine_learning.infrastructure.adapters.market.live_runner_telemetry | Health check
15:50:34 | INFO     | iot_machine_learning.infrastructure.adapters.market.live_runner | Evaluation [QQQ] action=HOLD reason='Phi_MoE_Below_Gamma_Exec' mid=708.93 phi_moe=0.000 trades=1 
15:50:39 | INFO     | iot_machine_learning.infrastructure.adapters.market.live_runner | Evaluation [QQQ] action=HOLD reason='Phi_MoE_Below_Gamma_Exec' mid=708.93 phi_moe=0.000 trades=1 
15:50:44 | INFO     | iot_machine_learning.infrastructure.adapters.market.live_runner_telemetry | Health check
15:50:44 | INFO     | iot_machine_learning.infrastructure.adapters.market.live_runner | Evaluation [QQQ] action=HOLD reason='Phi_MoE_Below_Gamma_Exec' mid=708.93 phi_moe=0.000 trades=1 
15:50:50 | INFO     | iot_machine_learning.infrastructure.adapters.market.live_runner | Evaluation [QQQ] action=HOLD reason='Phi_MoE_Below_Gamma_Exec' mid=708.93 phi_moe=0.000 trades=1 
15:50:54 | INFO     | iot_machine_learning.infrastructure.adapters.market.live_runner_telemetry | Health check
15:50:55 | INFO     | iot_machine_learning.infrastructure.adapters.market.live_runner | Evaluation [QQQ] action=HOLD reason='Phi_MoE_Below_Gamma_Exec' mid=708.93 phi_moe=0.000 trades=1 
15:51:34 | INFO     | iot_machine_learning.infrastructure.adapters.market.live_runner_telemetry | Health check
15:51:34 | INFO     | iot_machine_learning.infrastructure.adapters.market.live_runner | Evaluation [QQQ] action=HOLD reason='Phi_MoE_Below_Gamma_Exec' mid=708.93 phi_moe=0.000 trades=1 
15:51:39 | INFO     | iot_machine_learning.infrastructure.adapters.market.live_runner | Evaluation [QQQ] action=HOLD reason='Phi_MoE_Below_Gamma_Exec' mid=708.93 phi_moe=0.000 trades=1 
15:51:44 | INFO     | iot_machine_learning.infrastructure.adapters.market.live_runner_telemetry | Health check
15:51:44 | INFO     | iot_machine_learning.infrastructure.adapters.market.live_runner | Evaluation [QQQ] action=HOLD reason='Phi_MoE_Below_Gamma_Exec' mid=708.93 phi_moe=0.000 trades=1 
15:51:50 | INFO     | iot_machine_learning.infrastructure.adapters.market.live_runner | Evaluation [QQQ] action=HOLD reason='Phi_MoE_Below_Gamma_Exec' mid=708.93 phi_moe=0.000 trades=1 
15:51:54 | INFO     | iot_machine_learning.infrastructure.adapters.market.live_runner_telemetry | Health check
15:51:55 | INFO     | iot_machine_learning.infrastructure.adapters.market.live_runner | Evaluation [QQQ] action=HOLD reason='Phi_MoE_Below_Gamma_Exec' mid=708.93 phi_moe=0.000 trades=1 
15:52:35 | INFO     | iot_machine_learning.infrastructure.adapters.market.live_runner_telemetry | Health check
15:52:35 | INFO     | iot_machine_learning.infrastructure.adapters.market.live_runner | Evaluation [QQQ] action=HOLD reason='Phi_MoE_Below_Gamma_Exec' mid=708.93 phi_moe=0.000 trades=1 
15:52:40 | INFO     | iot_machine_learning.infrastructure.adapters.market.live_runner | Evaluation [QQQ] action=HOLD reason='Phi_MoE_Below_Gamma_Exec' mid=708.93 phi_moe=0.000 trades=1 
15:52:45 | INFO     | iot_machine_learning.infrastructure.adapters.market.live_runner_telemetry | Health check
15:52:45 | INFO     | iot_machine_learning.infrastructure.adapters.market.live_runner | Evaluation [QQQ] action=HOLD reason='Phi_MoE_Below_Gamma_Exec' mid=708.93 phi_moe=0.000 trades=1 
15:52:50 | INFO     | iot_machine_learning.infrastructure.adapters.market.live_runner | Evaluation [QQQ] action=HOLD reason='Phi_MoE_Below_Gamma_Exec' mid=708.93 phi_moe=0.000 trades=1 
15:52:55 | INFO     | iot_machine_learning.infrastructure.adapters.market.live_runner_telemetry | Health check
15:52:55 | INFO     | iot_machine_learning.infrastructure.adapters.market.live_runner | Evaluation [QQQ] action=HOLD reason='Phi_MoE_Below_Gamma_Exec' mid=708.93 phi_moe=0.000 trades=1 
15:53:36 | INFO     | iot_machine_learning.infrastructure.adapters.market.live_runner_telemetry | Health check
15:53:36 | INFO     | iot_machine_learning.infrastructure.adapters.market.live_runner | Evaluation [QQQ] action=HOLD reason='Phi_MoE_Below_Gamma_Exec' mid=709.00 phi_moe=0.000 trades=1 
15:53:41 | INFO     | iot_machine_learning.infrastructure.adapters.market.live_runner | Evaluation [QQQ] action=HOLD reason='Phi_MoE_Below_Gamma_Exec' mid=709.00 phi_moe=0.000 trades=1 
15:53:46 | INFO     | iot_machine_learning.infrastructure.adapters.market.live_runner_telemetry | Health check
15:53:46 | INFO     | iot_machine_learning.infrastructure.adapters.market.live_runner | Evaluation [QQQ] action=HOLD reason='Phi_MoE_Below_Gamma_Exec' mid=709.00 phi_moe=0.000 trades=1 
15:53:51 | INFO     | iot_machine_learning.infrastructure.adapters.market.live_runner | Evaluation [QQQ] action=HOLD reason='Phi_MoE_Below_Gamma_Exec' mid=709.00 phi_moe=0.000 trades=1 
15:53:56 | INFO     | iot_machine_learning.infrastructure.adapters.market.live_runner_telemetry | Health check
15:53:56 | INFO     | iot_machine_learning.infrastructure.adapters.market.live_runner | Evaluation [QQQ] action=HOLD reason='Phi_MoE_Below_Gamma_Exec' mid=709.00 phi_moe=0.000 trades=1 
15:54:36 | INFO     | iot_machine_learning.infrastructure.adapters.market.live_runner_telemetry | Health check
15:54:36 | INFO     | iot_machine_learning.infrastructure.adapters.market.live_runner | Evaluation [QQQ] action=HOLD reason='Phi_MoE_Below_Gamma_Exec' mid=709.01 phi_moe=0.000 trades=1 
15:54:41 | INFO     | iot_machine_learning.infrastructure.adapters.market.live_runner | Evaluation [QQQ] action=HOLD reason='Phi_MoE_Below_Gamma_Exec' mid=709.00 phi_moe=0.000 trades=1 
15:54:46 | INFO     | iot_machine_learning.infrastructure.adapters.market.live_runner_telemetry | Health check
15:54:47 | INFO     | iot_machine_learning.infrastructure.adapters.market.live_runner | Evaluation [QQQ] action=HOLD reason='Phi_MoE_Below_Gamma_Exec' mid=709.00 phi_moe=0.000 trades=1 
15:54:52 | INFO     | iot_machine_learning.infrastructure.adapters.market.live_runner | Evaluation [QQQ] action=HOLD reason='Phi_MoE_Below_Gamma_Exec' mid=709.00 phi_moe=0.000 trades=1 
15:54:56 | INFO     | iot_machine_learning.infrastructure.adapters.market.live_runner_telemetry | Health check
15:54:57 | INFO     | iot_machine_learning.infrastructure.adapters.market.live_runner | Evaluation [QQQ] action=HOLD reason='Phi_MoE_Below_Gamma_Exec' mid=709.00 phi_moe=0.000 trades=1 
15:55:36 | INFO     | iot_machine_learning.infrastructure.adapters.market.live_runner_telemetry | Health check
15:55:37 | INFO     | iot_machine_learning.infrastructure.adapters.market.live_runner | Evaluation [QQQ] action=HOLD reason='Phi_MoE_Below_Gamma_Exec' mid=709.00 phi_moe=0.000 trades=1 
15:55:42 | INFO     | iot_machine_learning.infrastructure.adapters.market.live_runner | Evaluation [QQQ] action=HOLD reason='Phi_MoE_Below_Gamma_Exec' mid=709.01 phi_moe=0.000 trades=1 
15:55:46 | INFO     | iot_machine_learning.infrastructure.adapters.market.live_runner_telemetry | Health check
15:55:47 | INFO     | iot_machine_learning.infrastructure.adapters.market.live_runner | Evaluation [QQQ] action=HOLD reason='Phi_MoE_Below_Gamma_Exec' mid=709.00 phi_moe=0.000 trades=1 
15:55:52 | INFO     | iot_machine_learning.infrastructure.adapters.market.live_runner | Evaluation [QQQ] action=HOLD reason='Phi_MoE_Below_Gamma_Exec' mid=709.01 phi_moe=0.000 trades=1 
15:55:57 | INFO     | iot_machine_learning.infrastructure.adapters.market.live_runner_telemetry | Health check
15:55:57 | INFO     | iot_machine_learning.infrastructure.adapters.market.live_runner | Evaluation [QQQ] action=HOLD reason='Phi_MoE_Below_Gamma_Exec' mid=709.03 phi_moe=0.000 trades=1 
15:56:37 | INFO     | iot_machine_learning.infrastructure.adapters.market.live_runner_telemetry | Health check
15:56:37 | INFO     | iot_machine_learning.infrastructure.adapters.market.live_runner | Evaluation [QQQ] action=HOLD reason='Phi_MoE_Below_Gamma_Exec' mid=708.99 phi_moe=0.000 trades=1 
15:56:42 | INFO     | iot_machine_learning.infrastructure.adapters.market.live_runner | Evaluation [QQQ] action=HOLD reason='Phi_MoE_Below_Gamma_Exec' mid=709.00 phi_moe=0.000 trades=1 
15:56:48 | INFO     | iot_machine_learning.infrastructure.adapters.market.live_runner_telemetry | Health check
15:56:48 | INFO     | iot_machine_learning.infrastructure.adapters.market.live_runner | Evaluation [QQQ] action=HOLD reason='Phi_MoE_Below_Gamma_Exec' mid=708.98 phi_moe=0.000 trades=1 
15:56:53 | INFO     | iot_machine_learning.infrastructure.adapters.market.live_runner | Evaluation [QQQ] action=HOLD reason='Phi_MoE_Below_Gamma_Exec' mid=709.06 phi_moe=0.000 trades=1 
15:56:58 | INFO     | iot_machine_learning.infrastructure.adapters.market.live_runner_telemetry | Health check
15:56:58 | INFO     | iot_machine_learning.infrastructure.adapters.market.live_runner | Evaluation [QQQ] action=HOLD reason='Phi_MoE_Below_Gamma_Exec' mid=709.05 phi_moe=0.000 trades=1 
15:57:38 | INFO     | iot_machine_learning.infrastructure.adapters.market.live_runner_telemetry | Health check
15:57:38 | INFO     | iot_machine_learning.infrastructure.adapters.market.live_runner | Evaluation [QQQ] action=HOLD reason='Phi_MoE_Below_Gamma_Exec' mid=708.97 phi_moe=0.000 trades=1 
15:57:43 | INFO     | iot_machine_learning.infrastructure.adapters.market.live_runner | Evaluation [QQQ] action=HOLD reason='Phi_MoE_Below_Gamma_Exec' mid=708.97 phi_moe=0.000 trades=1 
15:57:48 | INFO     | iot_machine_learning.infrastructure.adapters.market.live_runner_telemetry | Health check
15:57:48 | INFO     | iot_machine_learning.infrastructure.adapters.market.live_runner | Evaluation [QQQ] action=HOLD reason='Phi_MoE_Below_Gamma_Exec' mid=708.97 phi_moe=0.000 trades=1 
15:57:53 | INFO     | iot_machine_learning.infrastructure.adapters.market.live_runner | Evaluation [QQQ] action=HOLD reason='Phi_MoE_Below_Gamma_Exec' mid=708.97 phi_moe=0.000 trades=1 
15:57:58 | INFO     | iot_machine_learning.infrastructure.adapters.market.live_runner_telemetry | Health check
15:57:58 | INFO     | iot_machine_learning.infrastructure.adapters.market.live_runner | Evaluation [QQQ] action=HOLD reason='Phi_MoE_Below_Gamma_Exec' mid=708.97 phi_moe=0.000 trades=1 
15:58:38 | INFO     | iot_machine_learning.infrastructure.adapters.market.live_runner_telemetry | Health check
15:58:38 | INFO     | iot_machine_learning.infrastructure.adapters.market.live_runner | Evaluation [QQQ] action=HOLD reason='Phi_MoE_Below_Gamma_Exec' mid=708.97 phi_moe=0.000 trades=1 
15:58:43 | INFO     | iot_machine_learning.infrastructure.adapters.market.live_runner | Evaluation [QQQ] action=HOLD reason='Phi_MoE_Below_Gamma_Exec' mid=708.97 phi_moe=0.000 trades=1 
15:58:48 | INFO     | iot_machine_learning.infrastructure.adapters.market.live_runner_telemetry | Health check
15:58:48 | INFO     | iot_machine_learning.infrastructure.adapters.market.live_runner | Evaluation [QQQ] action=HOLD reason='Phi_MoE_Below_Gamma_Exec' mid=708.97 phi_moe=0.000 trades=1 
15:58:54 | INFO     | iot_machine_learning.infrastructure.adapters.market.live_runner | Evaluation [QQQ] action=HOLD reason='Phi_MoE_Below_Gamma_Exec' mid=708.97 phi_moe=0.000 trades=1 
15:58:59 | INFO     | iot_machine_learning.infrastructure.adapters.market.live_runner_telemetry | Health check
15:58:59 | INFO     | iot_machine_learning.infrastructure.adapters.market.live_runner | Evaluation [QQQ] action=HOLD reason='Phi_MoE_Below_Gamma_Exec' mid=708.97 phi_moe=0.000 trades=1 
15:59:39 | INFO     | iot_machine_learning.infrastructure.adapters.market.live_runner | Evaluation [QQQ] action=HOLD reason='Phi_MoE_Below_Gamma_Exec' mid=708.97 phi_moe=0.000 trades=1 
15:59:39 | INFO     | iot_machine_learning.infrastructure.adapters.market.live_runner_telemetry | Health check
15:59:44 | INFO     | iot_machine_learning.infrastructure.adapters.market.live_runner | Evaluation [QQQ] action=HOLD reason='Phi_MoE_Below_Gamma_Exec' mid=708.97 phi_moe=0.000 trades=1 
15:59:49 | INFO     | iot_machine_learning.infrastructure.adapters.market.live_runner_telemetry | Health check
15:59:49 | INFO     | iot_machine_learning.infrastructure.adapters.market.live_runner | Evaluation [QQQ] action=HOLD reason='Phi_MoE_Below_Gamma_Exec' mid=708.97 phi_moe=0.000 trades=1 
15:59:54 | INFO     | iot_machine_learning.infrastructure.adapters.market.live_runner | Evaluation [QQQ] action=HOLD reason='Phi_MoE_Below_Gamma_Exec' mid=708.97 phi_moe=0.000 trades=1 
15:59:59 | INFO     | iot_machine_learning.infrastructure.adapters.market.live_runner_telemetry | Health check
16:00:00 | INFO     | iot_machine_learning.infrastructure.adapters.market.live_runner | Evaluation [QQQ] action=HOLD reason='Phi_MoE_Below_Gamma_Exec' mid=708.97 phi_moe=0.000 trades=1 
16:00:40 | INFO     | iot_machine_learning.infrastructure.adapters.market.live_runner_telemetry | Health check
16:00:40 | INFO     | iot_machine_learning.infrastructure.adapters.market.live_runner | Evaluation [QQQ] action=HOLD reason='Phi_MoE_Below_Gamma_Exec' mid=708.97 phi_moe=0.000 trades=1 
16:00:45 | INFO     | iot_machine_learning.infrastructure.adapters.market.live_runner | Evaluation [QQQ] action=HOLD reason='Phi_MoE_Below_Gamma_Exec' mid=708.97 phi_moe=0.000 trades=1 
16:00:49 | INFO     | iot_machine_learning.infrastructure.adapters.market.live_runner | Evaluation [AAPL] action=HOLD reason='Insufficient_Trajectory_Density' mid=326.02 phi_moe=0.000 trades=1 
16:00:50 | INFO     | iot_machine_learning.infrastructure.adapters.market.live_runner_telemetry | Health check
16:00:50 | INFO     | iot_machine_learning.infrastructure.adapters.market.live_runner | Evaluation [QQQ] action=HOLD reason='Phi_MoE_Below_Gamma_Exec' mid=708.97 phi_moe=0.000 trades=1 
16:00:55 | INFO     | iot_machine_learning.infrastructure.adapters.market.live_runner | Evaluation [QQQ] action=HOLD reason='Phi_MoE_Below_Gamma_Exec' mid=708.97 phi_moe=0.000 trades=1 
16:01:00 | INFO     | iot_machine_learning.infrastructure.adapters.market.live_runner_telemetry | Health check
16:01:00 | INFO     | iot_machine_learning.infrastructure.adapters.market.live_runner | Evaluation [QQQ] action=HOLD reason='Phi_MoE_Below_Gamma_Exec' mid=708.97 phi_moe=0.000 trades=1 
16:01:40 | INFO     | iot_machine_learning.infrastructure.adapters.market.live_runner_telemetry | Health check
16:01:41 | INFO     | iot_machine_learning.infrastructure.adapters.market.live_runner | Evaluation [QQQ] action=HOLD reason='Phi_MoE_Below_Gamma_Exec' mid=708.97 phi_moe=0.000 trades=1 
16:01:46 | INFO     | iot_machine_learning.infrastructure.adapters.market.live_runner | Evaluation [QQQ] action=HOLD reason='Phi_MoE_Below_Gamma_Exec' mid=708.97 phi_moe=0.000 trades=1 
16:01:50 | INFO     | iot_machine_learning.infrastructure.adapters.market.live_runner_telemetry | Health check
16:01:51 | INFO     | iot_machine_learning.infrastructure.adapters.market.live_runner | Evaluation [QQQ] action=HOLD reason='Phi_MoE_Below_Gamma_Exec' mid=708.97 phi_moe=0.000 trades=1 
16:01:56 | INFO     | iot_machine_learning.infrastructure.adapters.market.live_runner | Evaluation [QQQ] action=HOLD reason='Phi_MoE_Below_Gamma_Exec' mid=708.97 phi_moe=0.000 trades=1 
16:02:01 | INFO     | iot_machine_learning.infrastructure.adapters.market.live_runner_telemetry | Health check
16:02:01 | INFO     | iot_machine_learning.infrastructure.adapters.market.live_runner | Evaluation [QQQ] action=HOLD reason='Phi_MoE_Below_Gamma_Exec' mid=708.97 phi_moe=0.000 trades=1 
16:02:41 | INFO     | iot_machine_learning.infrastructure.adapters.market.live_runner | Evaluation [QQQ] action=HOLD reason='Phi_MoE_Below_Gamma_Exec' mid=708.97 phi_moe=0.000 trades=1 
16:02:41 | INFO     | iot_machine_learning.infrastructure.adapters.market.live_runner_telemetry | Health check
16:02:46 | INFO     | iot_machine_learning.infrastructure.adapters.market.live_runner | Evaluation [QQQ] action=HOLD reason='Phi_MoE_Below_Gamma_Exec' mid=708.97 phi_moe=0.000 trades=1 
16:02:51 | INFO     | iot_machine_learning.infrastructure.adapters.market.live_runner_telemetry | Health check
16:02:51 | INFO     | iot_machine_learning.infrastructure.adapters.market.live_runner | Evaluation [QQQ] action=HOLD reason='Phi_MoE_Below_Gamma_Exec' mid=708.97 phi_moe=0.000 trades=1 
16:02:56 | INFO     | iot_machine_learning.infrastructure.adapters.market.live_runner | Evaluation [QQQ] action=HOLD reason='Phi_MoE_Below_Gamma_Exec' mid=708.97 phi_moe=0.000 trades=1 
16:03:01 | INFO     | iot_machine_learning.infrastructure.adapters.market.live_runner_telemetry | Health check
16:03:02 | INFO     | iot_machine_learning.infrastructure.adapters.market.live_runner | Evaluation [QQQ] action=HOLD reason='Phi_MoE_Below_Gamma_Exec' mid=708.97 phi_moe=0.000 trades=1 
16:03:42 | INFO     | iot_machine_learning.infrastructure.adapters.market.live_runner_telemetry | Health check
16:03:42 | INFO     | iot_machine_learning.infrastructure.adapters.market.live_runner | Evaluation [QQQ] action=HOLD reason='Phi_MoE_Below_Gamma_Exec' mid=708.97 phi_moe=0.000 trades=1 
16:03:47 | INFO     | iot_machine_learning.infrastructure.adapters.market.live_runner | Evaluation [QQQ] action=HOLD reason='Phi_MoE_Below_Gamma_Exec' mid=708.97 phi_moe=0.000 trades=1 
16:03:52 | INFO     | iot_machine_learning.infrastructure.adapters.market.live_runner_telemetry | Health check
16:03:52 | INFO     | iot_machine_learning.infrastructure.adapters.market.live_runner | Evaluation [QQQ] action=HOLD reason='Phi_MoE_Below_Gamma_Exec' mid=708.97 phi_moe=0.000 trades=1 
16:03:57 | INFO     | iot_machine_learning.infrastructure.adapters.market.live_runner | Evaluation [QQQ] action=HOLD reason='Phi_MoE_Below_Gamma_Exec' mid=708.97 phi_moe=0.000 trades=1 
16:04:02 | INFO     | iot_machine_learning.infrastructure.adapters.market.live_runner_telemetry | Health check
16:04:02 | INFO     | iot_machine_learning.infrastructure.adapters.market.live_runner | Evaluation [QQQ] action=HOLD reason='Phi_MoE_Below_Gamma_Exec' mid=708.97 phi_moe=0.000 trades=1 
16:04:43 | INFO     | iot_machine_learning.infrastructure.adapters.market.live_runner_telemetry | Health check
16:04:43 | INFO     | iot_machine_learning.infrastructure.adapters.market.live_runner | Evaluation [QQQ] action=HOLD reason='Phi_MoE_Below_Gamma_Exec' mid=708.97 phi_moe=0.000 trades=1 
16:04:48 | INFO     | iot_machine_learning.infrastructure.adapters.market.live_runner | Evaluation [QQQ] action=HOLD reason='Phi_MoE_Below_Gamma_Exec' mid=708.97 phi_moe=0.000 trades=1 
16:04:53 | INFO     | iot_machine_learning.infrastructure.adapters.market.live_runner_telemetry | Health check
16:04:53 | INFO     | iot_machine_learning.infrastructure.adapters.market.live_runner | Evaluation [QQQ] action=HOLD reason='Phi_MoE_Below_Gamma_Exec' mid=708.97 phi_moe=0.000 trades=1 
16:04:59 | INFO     | iot_machine_learning.infrastructure.adapters.market.live_runner | Evaluation [QQQ] action=HOLD reason='Phi_MoE_Below_Gamma_Exec' mid=708.97 phi_moe=0.000 trades=1 
16:05:03 | INFO     | iot_machine_learning.infrastructure.adapters.market.live_runner_telemetry | Health check
16:05:04 | INFO     | iot_machine_learning.infrastructure.adapters.market.live_runner | Evaluation [QQQ] action=HOLD reason='Phi_MoE_Below_Gamma_Exec' mid=708.97 phi_moe=0.000 trades=1 
16:05:09 | INFO     | iot_machine_learning.infrastructure.adapters.market.live_runner | Evaluation [QQQ] action=HOLD reason='Phi_MoE_Below_Gamma_Exec' mid=708.97 phi_moe=0.000 trades=1 
16:05:43 | INFO     | iot_machine_learning.infrastructure.adapters.market.live_runner_telemetry | Health check
16:05:43 | INFO     | iot_machine_learning.infrastructure.adapters.market.live_runner | Evaluation [QQQ] action=HOLD reason='Phi_MoE_Below_Gamma_Exec' mid=708.97 phi_moe=0.000 trades=1 
16:05:48 | INFO     | iot_machine_learning.infrastructure.adapters.market.live_runner | Evaluation [QQQ] action=HOLD reason='Phi_MoE_Below_Gamma_Exec' mid=708.97 phi_moe=0.000 trades=1 
16:05:53 | INFO     | iot_machine_learning.infrastructure.adapters.market.live_runner_telemetry | Health check
16:05:54 | INFO     | iot_machine_learning.infrastructure.adapters.market.live_runner | Evaluation [QQQ] action=HOLD reason='Phi_MoE_Below_Gamma_Exec' mid=708.97 phi_moe=0.000 trades=1 
16:05:54 | INFO     | iot_machine_learning.infrastructure.adapters.market.live_runner | Evaluation [NVDA] action=HOLD reason='Insufficient_Trajectory_Density' mid=0.00 phi_moe=0.000 trades=1 
16:05:59 | INFO     | iot_machine_learning.infrastructure.adapters.market.live_runner | Evaluation [QQQ] action=HOLD reason='Phi_MoE_Below_Gamma_Exec' mid=708.97 phi_moe=0.000 trades=1 
16:06:03 | INFO     | iot_machine_learning.infrastructure.adapters.market.live_runner_telemetry | Health check
16:06:04 | INFO     | iot_machine_learning.infrastructure.adapters.market.live_runner | Evaluation [QQQ] action=HOLD reason='Phi_MoE_Below_Gamma_Exec' mid=708.97 phi_moe=0.000 trades=1 
16:06:09 | INFO     | iot_machine_learning.infrastructure.adapters.market.live_runner | Evaluation [QQQ] action=HOLD reason='Phi_MoE_Below_Gamma_Exec' mid=708.97 phi_moe=0.000 trades=1 
16:06:44 | INFO     | iot_machine_learning.infrastructure.adapters.market.live_runner_telemetry | Health check
16:06:44 | INFO     | iot_machine_learning.infrastructure.adapters.market.live_runner | Evaluation [QQQ] action=HOLD reason='Phi_MoE_Below_Gamma_Exec' mid=708.97 phi_moe=0.000 trades=1 
16:06:49 | INFO     | iot_machine_learning.infrastructure.adapters.market.live_runner | Evaluation [QQQ] action=HOLD reason='Phi_MoE_Below_Gamma_Exec' mid=708.97 phi_moe=0.000 trades=1 
16:06:54 | INFO     | iot_machine_learning.infrastructure.adapters.market.live_runner_telemetry | Health check
16:06:54 | INFO     | iot_machine_learning.infrastructure.adapters.market.live_runner | Evaluation [QQQ] action=HOLD reason='Phi_MoE_Below_Gamma_Exec' mid=708.97 phi_moe=0.000 trades=1 
16:06:59 | INFO     | iot_machine_learning.infrastructure.adapters.market.live_runner | Evaluation [QQQ] action=HOLD reason='Phi_MoE_Below_Gamma_Exec' mid=708.97 phi_moe=0.000 trades=1 
16:07:04 | INFO     | iot_machine_learning.infrastructure.adapters.market.live_runner_telemetry | Health check
16:07:05 | INFO     | iot_machine_learning.infrastructure.adapters.market.live_runner | Evaluation [QQQ] action=HOLD reason='Phi_MoE_Below_Gamma_Exec' mid=708.97 phi_moe=0.000 trades=1 
16:07:10 | INFO     | iot_machine_learning.infrastructure.adapters.market.live_runner | Evaluation [QQQ] action=HOLD reason='Phi_MoE_Below_Gamma_Exec' mid=708.97 phi_moe=0.000 trades=1 
16:07:44 | INFO     | iot_machine_learning.infrastructure.adapters.market.live_runner_telemetry | Health check
16:07:44 | INFO     | iot_machine_learning.infrastructure.adapters.market.live_runner | Evaluation [QQQ] action=HOLD reason='Phi_MoE_Below_Gamma_Exec' mid=708.97 phi_moe=0.000 trades=1 
16:07:49 | INFO     | iot_machine_learning.infrastructure.adapters.market.live_runner | Evaluation [QQQ] action=HOLD reason='Phi_MoE_Below_Gamma_Exec' mid=708.97 phi_moe=0.000 trades=1 
16:07:54 | INFO     | iot_machine_learning.infrastructure.adapters.market.live_runner_telemetry | Health check
16:07:55 | INFO     | iot_machine_learning.infrastructure.adapters.market.live_runner | Evaluation [QQQ] action=HOLD reason='Phi_MoE_Below_Gamma_Exec' mid=708.97 phi_moe=0.000 trades=1 
16:08:00 | INFO     | iot_machine_learning.infrastructure.adapters.market.live_runner | Evaluation [QQQ] action=HOLD reason='Phi_MoE_Below_Gamma_Exec' mid=708.97 phi_moe=0.000 trades=1 
16:08:04 | INFO     | iot_machine_learning.infrastructure.adapters.market.live_runner_telemetry | Health check
16:08:05 | INFO     | iot_machine_learning.infrastructure.adapters.market.live_runner | Evaluation [QQQ] action=HOLD reason='Phi_MoE_Below_Gamma_Exec' mid=708.97 phi_moe=0.000 trades=1 
16:08:11 | INFO     | iot_machine_learning.infrastructure.adapters.market.live_runner | Evaluation [QQQ] action=HOLD reason='Phi_MoE_Below_Gamma_Exec' mid=708.97 phi_moe=0.000 trades=1 
16:08:45 | INFO     | iot_machine_learning.infrastructure.adapters.market.live_runner_telemetry | Health check
16:08:45 | INFO     | iot_machine_learning.infrastructure.adapters.market.live_runner | Evaluation [QQQ] action=HOLD reason='Phi_MoE_Below_Gamma_Exec' mid=708.97 phi_moe=0.000 trades=1 
16:08:50 | INFO     | iot_machine_learning.infrastructure.adapters.market.live_runner | Evaluation [QQQ] action=HOLD reason='Phi_MoE_Below_Gamma_Exec' mid=708.97 phi_moe=0.000 trades=1 
16:08:55 | INFO     | iot_machine_learning.infrastructure.adapters.market.live_runner_telemetry | Health check
16:08:55 | INFO     | iot_machine_learning.infrastructure.adapters.market.live_runner | Evaluation [QQQ] action=HOLD reason='Phi_MoE_Below_Gamma_Exec' mid=708.97 phi_moe=0.000 trades=1 
16:08:59 | INFO     | iot_machine_learning.infrastructure.adapters.market.live_runner | Evaluation [AAPL] action=HOLD reason='Insufficient_Trajectory_Density' mid=326.02 phi_moe=0.000 trades=1 
16:09:00 | INFO     | iot_machine_learning.infrastructure.adapters.market.live_runner | Evaluation [QQQ] action=HOLD reason='Phi_MoE_Below_Gamma_Exec' mid=708.97 phi_moe=0.000 trades=1 
16:09:05 | INFO     | iot_machine_learning.infrastructure.adapters.market.live_runner_telemetry | Health check
16:09:06 | INFO     | iot_machine_learning.infrastructure.adapters.market.live_runner | Evaluation [QQQ] action=HOLD reason='Phi_MoE_Below_Gamma_Exec' mid=708.97 phi_moe=0.000 trades=1 
16:09:11 | INFO     | iot_machine_learning.infrastructure.adapters.market.live_runner | Evaluation [QQQ] action=HOLD reason='Phi_MoE_Below_Gamma_Exec' mid=708.97 phi_moe=0.000 trades=1 
16:09:45 | INFO     | iot_machine_learning.infrastructure.adapters.market.live_runner | Evaluation [QQQ] action=HOLD reason='Phi_MoE_Below_Gamma_Exec' mid=708.97 phi_moe=0.000 trades=1 
16:09:46 | INFO     | iot_machine_learning.infrastructure.adapters.market.live_runner_telemetry | Health check
16:09:50 | INFO     | iot_machine_learning.infrastructure.adapters.market.live_runner | Evaluation [QQQ] action=HOLD reason='Phi_MoE_Below_Gamma_Exec' mid=708.97 phi_moe=0.000 trades=1 
16:09:56 | INFO     | iot_machine_learning.infrastructure.adapters.market.live_runner_telemetry | Health check
16:09:56 | INFO     | iot_machine_learning.infrastructure.adapters.market.live_runner | Evaluation [QQQ] action=HOLD reason='Phi_MoE_Below_Gamma_Exec' mid=708.97 phi_moe=0.000 trades=1 
16:10:01 | INFO     | iot_machine_learning.infrastructure.adapters.market.live_runner | Evaluation [QQQ] action=HOLD reason='Phi_MoE_Below_Gamma_Exec' mid=708.97 phi_moe=0.000 trades=1 
16:10:06 | INFO     | iot_machine_learning.infrastructure.adapters.market.live_runner_telemetry | Health check
16:10:07 | INFO     | iot_machine_learning.infrastructure.adapters.market.live_runner | Evaluation [QQQ] action=HOLD reason='Phi_MoE_Below_Gamma_Exec' mid=708.97 phi_moe=0.000 trades=1 
16:10:12 | INFO     | iot_machine_learning.infrastructure.adapters.market.live_runner | Evaluation [QQQ] action=HOLD reason='Phi_MoE_Below_Gamma_Exec' mid=708.97 phi_moe=0.000 trades=1 
16:10:46 | INFO     | iot_machine_learning.infrastructure.adapters.market.live_runner | Evaluation [QQQ] action=HOLD reason='Phi_MoE_Below_Gamma_Exec' mid=708.97 phi_moe=0.000 trades=1 
16:10:46 | INFO     | iot_machine_learning.infrastructure.adapters.market.live_runner_telemetry | Health check
16:10:51 | INFO     | iot_machine_learning.infrastructure.adapters.market.live_runner | Evaluation [QQQ] action=HOLD reason='Phi_MoE_Below_Gamma_Exec' mid=708.97 phi_moe=0.000 trades=1 
16:10:56 | INFO     | iot_machine_learning.infrastructure.adapters.market.live_runner_telemetry | Health check
16:10:56 | INFO     | iot_machine_learning.infrastructure.adapters.market.live_runner | Evaluation [QQQ] action=HOLD reason='Phi_MoE_Below_Gamma_Exec' mid=708.97 phi_moe=0.000 trades=1 
16:11:02 | INFO     | iot_machine_learning.infrastructure.adapters.market.live_runner | Evaluation [QQQ] action=HOLD reason='Phi_MoE_Below_Gamma_Exec' mid=708.97 phi_moe=0.000 trades=1 
16:11:07 | INFO     | iot_machine_learning.infrastructure.adapters.market.live_runner_telemetry | Health check
16:11:07 | INFO     | iot_machine_learning.infrastructure.adapters.market.live_runner | Evaluation [QQQ] action=HOLD reason='Phi_MoE_Below_Gamma_Exec' mid=708.97 phi_moe=0.000 trades=1 
16:11:46 | INFO     | iot_machine_learning.infrastructure.adapters.market.live_runner_telemetry | Health check
16:11:46 | INFO     | iot_machine_learning.infrastructure.adapters.market.live_runner | Evaluation [QQQ] action=HOLD reason='Phi_MoE_Below_Gamma_Exec' mid=708.97 phi_moe=0.000 trades=1 
16:11:52 | INFO     | iot_machine_learning.infrastructure.adapters.market.live_runner | Evaluation [QQQ] action=HOLD reason='Phi_MoE_Below_Gamma_Exec' mid=708.97 phi_moe=0.000 trades=1 
16:11:57 | INFO     | iot_machine_learning.infrastructure.adapters.market.live_runner_telemetry | Health check
16:11:57 | INFO     | iot_machine_learning.infrastructure.adapters.market.live_runner | Evaluation [QQQ] action=HOLD reason='Phi_MoE_Below_Gamma_Exec' mid=708.97 phi_moe=0.000 trades=1 
16:12:03 | INFO     | iot_machine_learning.infrastructure.adapters.market.live_runner | Evaluation [QQQ] action=HOLD reason='Phi_MoE_Below_Gamma_Exec' mid=708.97 phi_moe=0.000 trades=1 
16:12:07 | INFO     | iot_machine_learning.infrastructure.adapters.market.live_runner_telemetry | Health check
16:12:08 | INFO     | iot_machine_learning.infrastructure.adapters.market.live_runner | Evaluation [QQQ] action=HOLD reason='Phi_MoE_Below_Gamma_Exec' mid=708.97 phi_moe=0.000 trades=1 
16:12:47 | INFO     | iot_machine_learning.infrastructure.adapters.market.live_runner | Evaluation [QQQ] action=HOLD reason='Phi_MoE_Below_Gamma_Exec' mid=708.97 phi_moe=0.000 trades=1 
16:12:47 | INFO     | iot_machine_learning.infrastructure.adapters.market.live_runner_telemetry | Health check
16:12:52 | INFO     | iot_machine_learning.infrastructure.adapters.market.live_runner | Evaluation [QQQ] action=HOLD reason='Phi_MoE_Below_Gamma_Exec' mid=708.97 phi_moe=0.000 trades=1 
16:12:57 | INFO     | iot_machine_learning.infrastructure.adapters.market.live_runner | Evaluation [QQQ] action=HOLD reason='Phi_MoE_Below_Gamma_Exec' mid=708.97 phi_moe=0.000 trades=1 
16:12:57 | INFO     | iot_machine_learning.infrastructure.adapters.market.live_runner_telemetry | Health check
16:13:02 | INFO     | iot_machine_learning.infrastructure.adapters.market.live_runner | Evaluation [QQQ] action=HOLD reason='Phi_MoE_Below_Gamma_Exec' mid=708.97 phi_moe=0.000 trades=1 
16:13:07 | INFO     | iot_machine_learning.infrastructure.adapters.market.live_runner | Evaluation [QQQ] action=HOLD reason='Phi_MoE_Below_Gamma_Exec' mid=708.97 phi_moe=0.000 trades=1 
16:13:07 | INFO     | iot_machine_learning.infrastructure.adapters.market.live_runner_telemetry | Health check
16:13:13 | INFO     | iot_machine_learning.infrastructure.adapters.market.live_runner | Evaluation [QQQ] action=HOLD reason='Phi_MoE_Below_Gamma_Exec' mid=708.97 phi_moe=0.000 trades=1 
16:13:48 | INFO     | iot_machine_learning.infrastructure.adapters.market.live_runner_telemetry | Health check
16:13:48 | INFO     | iot_machine_learning.infrastructure.adapters.market.live_runner | Evaluation [QQQ] action=HOLD reason='Phi_MoE_Below_Gamma_Exec' mid=708.97 phi_moe=0.000 trades=1 
16:13:53 | INFO     | iot_machine_learning.infrastructure.adapters.market.live_runner | Evaluation [QQQ] action=HOLD reason='Phi_MoE_Below_Gamma_Exec' mid=708.97 phi_moe=0.000 trades=1 
16:13:58 | INFO     | iot_machine_learning.infrastructure.adapters.market.live_runner_telemetry | Health check
16:13:59 | INFO     | iot_machine_learning.infrastructure.adapters.market.live_runner | Evaluation [QQQ] action=HOLD reason='Phi_MoE_Below_Gamma_Exec' mid=708.97 phi_moe=0.000 trades=1 
16:14:04 | INFO     | iot_machine_learning.infrastructure.adapters.market.live_runner | Evaluation [QQQ] action=HOLD reason='Phi_MoE_Below_Gamma_Exec' mid=708.97 phi_moe=0.000 trades=1 
16:14:08 | INFO     | iot_machine_learning.infrastructure.adapters.market.live_runner_telemetry | Health check
16:14:09 | INFO     | iot_machine_learning.infrastructure.adapters.market.live_runner | Evaluation [QQQ] action=HOLD reason='Phi_MoE_Below_Gamma_Exec' mid=708.97 phi_moe=0.000 trades=1 
16:14:48 | INFO     | iot_machine_learning.infrastructure.adapters.market.live_runner | Evaluation [QQQ] action=HOLD reason='Phi_MoE_Below_Gamma_Exec' mid=708.97 phi_moe=0.000 trades=1 
16:14:49 | INFO     | iot_machine_learning.infrastructure.adapters.market.live_runner_telemetry | Health check
16:14:53 | INFO     | iot_machine_learning.infrastructure.adapters.market.live_runner | Evaluation [QQQ] action=HOLD reason='Phi_MoE_Below_Gamma_Exec' mid=708.97 phi_moe=0.000 trades=1 
16:14:59 | INFO     | iot_machine_learning.infrastructure.adapters.market.live_runner_telemetry | Health check
16:14:59 | INFO     | iot_machine_learning.infrastructure.adapters.market.live_runner | Evaluation [QQQ] action=HOLD reason='Phi_MoE_Below_Gamma_Exec' mid=708.97 phi_moe=0.000 trades=1 
16:15:04 | INFO     | iot_machine_learning.infrastructure.adapters.market.live_runner | Evaluation [QQQ] action=HOLD reason='Phi_MoE_Below_Gamma_Exec' mid=708.97 phi_moe=0.000 trades=1 
16:15:09 | INFO     | iot_machine_learning.infrastructure.adapters.market.live_runner_telemetry | Health check
16:15:09 | INFO     | iot_machine_learning.infrastructure.adapters.market.live_runner | Evaluation [QQQ] action=HOLD reason='Phi_MoE_Below_Gamma_Exec' mid=708.97 phi_moe=0.000 trades=1 
16:15:49 | INFO     | iot_machine_learning.infrastructure.adapters.market.live_runner | Evaluation [QQQ] action=HOLD reason='Phi_MoE_Below_Gamma_Exec' mid=708.97 phi_moe=0.000 trades=1 
16:15:49 | INFO     | iot_machine_learning.infrastructure.adapters.market.live_runner_telemetry | Health check
16:15:54 | INFO     | iot_machine_learning.infrastructure.adapters.market.live_runner | Evaluation [QQQ] action=HOLD reason='Phi_MoE_Below_Gamma_Exec' mid=708.97 phi_moe=0.000 trades=1 
16:15:59 | INFO     | iot_machine_learning.infrastructure.adapters.market.live_runner_telemetry | Health check
16:16:00 | INFO     | iot_machine_learning.infrastructure.adapters.market.live_runner | Evaluation [QQQ] action=HOLD reason='Phi_MoE_Below_Gamma_Exec' mid=708.97 phi_moe=0.000 trades=1 
16:16:05 | INFO     | iot_machine_learning.infrastructure.adapters.market.live_runner | Evaluation [QQQ] action=HOLD reason='Phi_MoE_Below_Gamma_Exec' mid=708.97 phi_moe=0.000 trades=1 
16:16:10 | INFO     | iot_machine_learning.infrastructure.adapters.market.live_runner_telemetry | Health check
16:16:10 | INFO     | iot_machine_learning.infrastructure.adapters.market.live_runner | Evaluation [QQQ] action=HOLD reason='Phi_MoE_Below_Gamma_Exec' mid=708.97 phi_moe=0.000 trades=1 
16:16:50 | INFO     | iot_machine_learning.infrastructure.adapters.market.live_runner | Evaluation [QQQ] action=HOLD reason='Phi_MoE_Below_Gamma_Exec' mid=708.97 phi_moe=0.000 trades=1 
16:16:50 | INFO     | iot_machine_learning.infrastructure.adapters.market.live_runner_telemetry | Health check
16:16:55 | INFO     | iot_machine_learning.infrastructure.adapters.market.live_runner | Evaluation [QQQ] action=HOLD reason='Phi_MoE_Below_Gamma_Exec' mid=708.97 phi_moe=0.000 trades=1 
16:17:00 | INFO     | iot_machine_learning.infrastructure.adapters.market.live_runner_telemetry | Health check
16:17:01 | INFO     | iot_machine_learning.infrastructure.adapters.market.live_runner | Evaluation [QQQ] action=HOLD reason='Phi_MoE_Below_Gamma_Exec' mid=708.97 phi_moe=0.000 trades=1 
16:17:06 | INFO     | iot_machine_learning.infrastructure.adapters.market.live_runner | Evaluation [QQQ] action=HOLD reason='Phi_MoE_Below_Gamma_Exec' mid=708.97 phi_moe=0.000 trades=1 
16:17:11 | INFO     | iot_machine_learning.infrastructure.adapters.market.live_runner_telemetry | Health check
16:17:11 | INFO     | iot_machine_learning.infrastructure.adapters.market.live_runner | Evaluation [QQQ] action=HOLD reason='Phi_MoE_Below_Gamma_Exec' mid=708.97 phi_moe=0.000 trades=1 
16:17:51 | INFO     | iot_machine_learning.infrastructure.adapters.market.live_runner_telemetry | Health check
16:17:51 | INFO     | iot_machine_learning.infrastructure.adapters.market.live_runner | Evaluation [QQQ] action=HOLD reason='Phi_MoE_Below_Gamma_Exec' mid=708.97 phi_moe=0.000 trades=1 
16:17:56 | INFO     | iot_machine_learning.infrastructure.adapters.market.live_runner | Evaluation [QQQ] action=HOLD reason='Phi_MoE_Below_Gamma_Exec' mid=708.97 phi_moe=0.000 trades=1 
16:18:01 | INFO     | iot_machine_learning.infrastructure.adapters.market.live_runner_telemetry | Health check
16:18:01 | INFO     | iot_machine_learning.infrastructure.adapters.market.live_runner | Evaluation [QQQ] action=HOLD reason='Phi_MoE_Below_Gamma_Exec' mid=708.97 phi_moe=0.000 trades=1 
16:18:07 | INFO     | iot_machine_learning.infrastructure.adapters.market.live_runner | Evaluation [QQQ] action=HOLD reason='Phi_MoE_Below_Gamma_Exec' mid=708.97 phi_moe=0.000 trades=1 
16:18:11 | INFO     | iot_machine_learning.infrastructure.adapters.market.live_runner_telemetry | Health check
16:18:12 | INFO     | iot_machine_learning.infrastructure.adapters.market.live_runner | Evaluation [QQQ] action=HOLD reason='Phi_MoE_Below_Gamma_Exec' mid=708.97 phi_moe=0.000 trades=1 
16:18:51 | INFO     | iot_machine_learning.infrastructure.adapters.market.live_runner_telemetry | Health check
16:18:52 | INFO     | iot_machine_learning.infrastructure.adapters.market.live_runner | Evaluation [QQQ] action=HOLD reason='Phi_MoE_Below_Gamma_Exec' mid=708.97 phi_moe=0.000 trades=1 
16:18:57 | INFO     | iot_machine_learning.infrastructure.adapters.market.live_runner | Evaluation [QQQ] action=HOLD reason='Phi_MoE_Below_Gamma_Exec' mid=708.97 phi_moe=0.000 trades=1 
16:19:02 | INFO     | iot_machine_learning.infrastructure.adapters.market.live_runner_telemetry | Health check
16:19:02 | INFO     | iot_machine_learning.infrastructure.adapters.market.live_runner | Evaluation [QQQ] action=HOLD reason='Insufficient_Trajectory_Density' mid=708.97 phi_moe=0.000 trades=1 
16:19:07 | INFO     | iot_machine_learning.infrastructure.adapters.market.live_runner | Evaluation [QQQ] action=HOLD reason='Phi_MoE_Below_Gamma_Exec' mid=708.97 phi_moe=0.000 trades=1 
16:19:12 | INFO     | iot_machine_learning.infrastructure.adapters.market.live_runner_telemetry | Health check
16:19:12 | INFO     | iot_machine_learning.infrastructure.adapters.market.live_runner | Evaluation [QQQ] action=HOLD reason='Phi_MoE_Below_Gamma_Exec' mid=708.97 phi_moe=0.000 trades=1 
16:19:57 | INFO     | iot_machine_learning.infrastructure.adapters.market.live_runner_telemetry | Health check
16:19:57 | INFO     | iot_machine_learning.infrastructure.adapters.market.live_runner | Evaluation [QQQ] action=HOLD reason='Phi_MoE_Below_Gamma_Exec' mid=708.97 phi_moe=0.000 trades=1 
16:20:02 | INFO     | iot_machine_learning.infrastructure.adapters.market.live_runner | Evaluation [QQQ] action=HOLD reason='Phi_MoE_Below_Gamma_Exec' mid=708.97 phi_moe=0.000 trades=1 
16:20:07 | INFO     | iot_machine_learning.infrastructure.adapters.market.live_runner_telemetry | Health check
16:20:07 | INFO     | iot_machine_learning.infrastructure.adapters.market.live_runner | Evaluation [QQQ] action=HOLD reason='Phi_MoE_Below_Gamma_Exec' mid=708.97 phi_moe=0.000 trades=1 
16:20:12 | INFO     | iot_machine_learning.infrastructure.adapters.market.live_runner | Evaluation [QQQ] action=HOLD reason='Phi_MoE_Below_Gamma_Exec' mid=708.97 phi_moe=0.000 trades=1 
16:20:17 | INFO     | iot_machine_learning.infrastructure.adapters.market.live_runner_telemetry | Health check
16:20:57 | INFO     | iot_machine_learning.infrastructure.adapters.market.live_runner_telemetry | Health check
16:20:58 | INFO     | iot_machine_learning.infrastructure.adapters.market.live_runner | Evaluation [QQQ] action=HOLD reason='Phi_MoE_Below_Gamma_Exec' mid=708.97 phi_moe=0.000 trades=1 
16:21:03 | INFO     | iot_machine_learning.infrastructure.adapters.market.live_runner | Evaluation [QQQ] action=HOLD reason='Phi_MoE_Below_Gamma_Exec' mid=708.97 phi_moe=0.000 trades=1 
16:21:07 | INFO     | iot_machine_learning.infrastructure.adapters.market.live_runner_telemetry | Health check
16:21:08 | INFO     | iot_machine_learning.infrastructure.adapters.market.live_runner | Evaluation [QQQ] action=HOLD reason='Phi_MoE_Below_Gamma_Exec' mid=708.97 phi_moe=0.000 trades=1 
16:21:13 | INFO     | iot_machine_learning.infrastructure.adapters.market.live_runner | Evaluation [QQQ] action=HOLD reason='Phi_MoE_Below_Gamma_Exec' mid=708.97 phi_moe=0.000 trades=1 
16:21:17 | INFO     | iot_machine_learning.infrastructure.adapters.market.live_runner | Evaluation [AAPL] action=HOLD reason='Insufficient_Trajectory_Density' mid=326.02 phi_moe=0.000 trades=1 
16:21:17 | INFO     | iot_machine_learning.infrastructure.adapters.market.live_runner_telemetry | Health check
16:21:58 | INFO     | iot_machine_learning.infrastructure.adapters.market.live_runner | Evaluation [QQQ] action=HOLD reason='Phi_MoE_Below_Gamma_Exec' mid=708.97 phi_moe=0.000 trades=1 
16:21:58 | INFO     | iot_machine_learning.infrastructure.adapters.market.live_runner_telemetry | Health check
16:22:03 | INFO     | iot_machine_learning.infrastructure.adapters.market.live_runner | Evaluation [QQQ] action=HOLD reason='Phi_MoE_Below_Gamma_Exec' mid=708.97 phi_moe=0.000 trades=1 
16:22:08 | INFO     | iot_machine_learning.infrastructure.adapters.market.live_runner_telemetry | Health check
16:22:08 | INFO     | iot_machine_learning.infrastructure.adapters.market.live_runner | Evaluation [QQQ] action=HOLD reason='Phi_MoE_Below_Gamma_Exec' mid=708.97 phi_moe=0.000 trades=1 
16:22:13 | INFO     | iot_machine_learning.infrastructure.adapters.market.live_runner | Evaluation [QQQ] action=HOLD reason='Phi_MoE_Below_Gamma_Exec' mid=708.97 phi_moe=0.000 trades=1 
16:22:18 | INFO     | iot_machine_learning.infrastructure.adapters.market.live_runner_telemetry | Health check
16:22:19 | INFO     | iot_machine_learning.infrastructure.adapters.market.live_runner | Evaluation [QQQ] action=HOLD reason='Phi_MoE_Below_Gamma_Exec' mid=708.97 phi_moe=0.000 trades=1 
16:22:59 | INFO     | iot_machine_learning.infrastructure.adapters.market.live_runner_telemetry | Health check
16:22:59 | INFO     | iot_machine_learning.infrastructure.adapters.market.live_runner | Evaluation [QQQ] action=HOLD reason='Phi_MoE_Below_Gamma_Exec' mid=708.97 phi_moe=0.000 trades=1 
16:23:04 | INFO     | iot_machine_learning.infrastructure.adapters.market.live_runner | Evaluation [QQQ] action=HOLD reason='Phi_MoE_Below_Gamma_Exec' mid=708.97 phi_moe=0.000 trades=1 
16:23:09 | INFO     | iot_machine_learning.infrastructure.adapters.market.live_runner_telemetry | Health check
16:23:09 | INFO     | iot_machine_learning.infrastructure.adapters.market.live_runner | Evaluation [QQQ] action=HOLD reason='Phi_MoE_Below_Gamma_Exec' mid=708.97 phi_moe=0.000 trades=1 
16:23:14 | INFO     | iot_machine_learning.infrastructure.adapters.market.live_runner | Evaluation [QQQ] action=HOLD reason='Phi_MoE_Below_Gamma_Exec' mid=708.97 phi_moe=0.000 trades=1 
16:23:19 | INFO     | iot_machine_learning.infrastructure.adapters.market.live_runner_telemetry | Health check
16:23:19 | INFO     | iot_machine_learning.infrastructure.adapters.market.live_runner | Evaluation [QQQ] action=HOLD reason='Phi_MoE_Below_Gamma_Exec' mid=708.97 phi_moe=0.000 trades=1 
16:23:59 | INFO     | iot_machine_learning.infrastructure.adapters.market.live_runner | Evaluation [QQQ] action=HOLD reason='Phi_MoE_Below_Gamma_Exec' mid=708.97 phi_moe=0.000 trades=1 
16:23:59 | INFO     | iot_machine_learning.infrastructure.adapters.market.live_runner_telemetry | Health check
16:24:04 | INFO     | iot_machine_learning.infrastructure.adapters.market.live_runner | Evaluation [QQQ] action=HOLD reason='Phi_MoE_Below_Gamma_Exec' mid=708.97 phi_moe=0.000 trades=1 
16:24:09 | INFO     | iot_machine_learning.infrastructure.adapters.market.live_runner | Evaluation [QQQ] action=HOLD reason='Phi_MoE_Below_Gamma_Exec' mid=708.97 phi_moe=0.000 trades=1 
16:24:09 | INFO     | iot_machine_learning.infrastructure.adapters.market.live_runner_telemetry | Health check
16:24:14 | INFO     | iot_machine_learning.infrastructure.adapters.market.live_runner | Evaluation [QQQ] action=HOLD reason='Phi_MoE_Below_Gamma_Exec' mid=708.97 phi_moe=0.000 trades=1 
16:24:19 | INFO     | iot_machine_learning.infrastructure.adapters.market.live_runner | Evaluation [QQQ] action=HOLD reason='Phi_MoE_Below_Gamma_Exec' mid=708.97 phi_moe=0.000 trades=1 
16:24:19 | INFO     | iot_machine_learning.infrastructure.adapters.market.live_runner_telemetry | Health check
16:25:00 | INFO     | iot_machine_learning.infrastructure.adapters.market.live_runner_telemetry | Health check
16:25:00 | INFO     | iot_machine_learning.infrastructure.adapters.market.live_runner | Evaluation [QQQ] action=HOLD reason='Phi_MoE_Below_Gamma_Exec' mid=708.97 phi_moe=0.000 trades=1 
16:25:05 | INFO     | iot_machine_learning.infrastructure.adapters.market.live_runner | Evaluation [QQQ] action=HOLD reason='Phi_MoE_Below_Gamma_Exec' mid=708.97 phi_moe=0.000 trades=1 
16:25:10 | INFO     | iot_machine_learning.infrastructure.adapters.market.live_runner_telemetry | Health check
16:25:10 | INFO     | iot_machine_learning.infrastructure.adapters.market.live_runner | Evaluation [QQQ] action=HOLD reason='Phi_MoE_Below_Gamma_Exec' mid=708.97 phi_moe=0.000 trades=1 
16:25:15 | INFO     | iot_machine_learning.infrastructure.adapters.market.live_runner | Evaluation [QQQ] action=HOLD reason='Phi_MoE_Below_Gamma_Exec' mid=708.97 phi_moe=0.000 trades=1 
16:25:20 | INFO     | iot_machine_learning.infrastructure.adapters.market.live_runner_telemetry | Health check
